49.200.3.52 - - [24/Feb/2017:17:15:24 +0000] "GET /Logo_img_url.jpg HTTP/1.1" 304 183 "-" "Dalvik/1.6.0 (Linux; U; Android 4.2.2; A114 Build/JDQ39)"
49.200.3.52 - - [24/Feb/2017:17:15:24 +0000] "GET /Logo_img_url.jpg HTTP/1.1" 304 182 "-" "Dalvik/1.6.0 (Linux; U; Android 4.2.2; A114 Build/JDQ39)"
49.200.3.52 - - [24/Feb/2017:17:15:26 +0000] "GET /buttons.php?type=JSON HTTP/1.1" 200 202 "-" "Dalvik/1.6.0 (Linux; U; Android 4.2.2; A114 Build/JDQ39)"
49.200.3.52 - - [24/Feb/2017:17:15:33 +0000] "GET /buttons.php?type=JSON HTTP/1.1" 200 203 "-" "Dalvik/1.6.0 (Linux; U; Android 4.2.2; A114 Build/JDQ39)"
49.200.3.52 - - [24/Feb/2017:17:16:01 +0000] "GET /buttons.php HTTP/1.1" 200 7335 "-" "Mozilla/5.0 (Windows NT 10.0; Win64; x64) AppleWebKit/537.36 (KHTML, like Gecko) Chrome/51.0.2704.79 Safari/537.36 Edge/14.14393"
49.200.3.52 - - [24/Feb/2017:17:16:19 +0000] "GET /buttons.php HTTP/1.1" 200 7335 "-" "Mozilla/5.0 (Windows NT 10.0; Win64; x64) AppleWebKit/537.36 (KHTML, like Gecko) Chrome/51.0.2704.79 Safari/537.36 Edge/14.14393"
49.200.3.52 - - [24/Feb/2017:17:16:20 +0000] "GET /event_images/BB.jpg HTTP/1.1" 200 102340 "http://interrupt.tk/buttons.php" "Mozilla/5.0 (Windows NT 10.0; Win64; x64) AppleWebKit/537.36 (KHTML, like Gecko) Chrome/51.0.2704.79 Safari/537.36 Edge/14.14393"
49.200.3.52 - - [24/Feb/2017:17:16:20 +0000] "GET /event_images/COOK.jpg HTTP/1.1" 200 92080 "http://interrupt.tk/buttons.php" "Mozilla/5.0 (Windows NT 10.0; Win64; x64) AppleWebKit/537.36 (KHTML, like Gecko) Chrome/51.0.2704.79 Safari/537.36 Edge/14.14393"
49.200.3.52 - - [24/Feb/2017:17:16:21 +0000] "GET /event_images/CS.jpg HTTP/1.1" 200 75161 "http://interrupt.tk/buttons.php" "Mozilla/5.0 (Windows NT 10.0; Win64; x64) AppleWebKit/537.36 (KHTML, like Gecko) Chrome/51.0.2704.79 Safari/537.36 Edge/14.14393"
49.200.3.52 - - [24/Feb/2017:17:16:21 +0000] "GET /favicon.ico HTTP/1.1" 404 504 "-" "Mozilla/5.0 (Windows NT 10.0; Win64; x64) AppleWebKit/537.36 (KHTML, like Gecko) Chrome/51.0.2704.79 Safari/537.36 Edge/14.14393"
49.200.3.52 - - [24/Feb/2017:17:16:21 +0000] "GET /Logo_img_url.jpg HTTP/1.1" 200 227246 "http://interrupt.tk/buttons.php" "Mozilla/5.0 (Windows NT 10.0; Win64; x64) AppleWebKit/537.36 (KHTML, like Gecko) Chrome/51.0.2704.79 Safari/537.36 Edge/14.14393"
49.200.3.52 - - [24/Feb/2017:17:16:31 +0000] "GET /event_desc.php?event=Counter%20Strike HTTP/1.1" 200 933 "http://interrupt.tk/buttons.php" "Mozilla/5.0 (Windows NT 10.0; Win64; x64) AppleWebKit/537.36 (KHTML, like Gecko) Chrome/51.0.2704.79 Safari/537.36 Edge/14.14393"
49.200.3.52 - - [24/Feb/2017:17:16:33 +0000] "GET /favicon.ico HTTP/1.1" 404 504 "-" "Mozilla/5.0 (Windows NT 10.0; Win64; x64) AppleWebKit/537.36 (KHTML, like Gecko) Chrome/51.0.2704.79 Safari/537.36 Edge/14.14393"
49.200.3.52 - - [24/Feb/2017:17:16:37 +0000] "GET /buttons.php HTTP/1.1" 200 7335 "http://interrupt.tk/event_desc.php?event=Counter%20Strike" "Mozilla/5.0 (Windows NT 10.0; Win64; x64) AppleWebKit/537.36 (KHTML, like Gecko) Chrome/51.0.2704.79 Safari/537.36 Edge/14.14393"
49.200.3.52 - - [24/Feb/2017:17:17:01 +0000] "GET /buttons.php?type=JSON HTTP/1.1" 200 203 "-" "Dalvik/1.6.0 (Linux; U; Android 4.2.2; A114 Build/JDQ39)"
59.93.228.62 - - [24/Feb/2017:17:18:47 +0000] "GET /buttons.php?type=JSON HTTP/1.1" 200 203 "-" "Dalvik/2.1.0 (Linux; U; Android 6.0.1; Le X821 Build/FGXOSOP5801910121S)"
172.68.65.28 - - [24/Feb/2017:17:19:24 +0000] "GET /login.php HTTP/1.1" 200 251 "-" "Mozilla/5.0 (compatible; YandexBot/3.0; +http://yandex.com/bots)"
162.158.78.164 - - [24/Feb/2017:17:20:45 +0000] "GET /buttons.php HTTP/1.1" 200 7335 "-" "Mozilla/5.0 (compatible; YandexBot/3.0; +http://yandex.com/bots)"
49.200.3.52 - - [24/Feb/2017:17:21:17 +0000] "GET /buttons.php?type=JSON HTTP/1.1" 200 203 "-" "Dalvik/1.6.0 (Linux; U; Android 4.2.2; A114 Build/JDQ39)"
49.200.3.52 - - [24/Feb/2017:17:24:48 +0000] "GET /buttons.php?type=JSON HTTP/1.1" 200 203 "-" "Dalvik/1.6.0 (Linux; U; Android 4.2.2; A114 Build/JDQ39)"
49.200.3.52 - - [24/Feb/2017:17:24:48 +0000] "GET /postsData.php HTTP/1.1" 200 614 "-" "Dalvik/1.6.0 (Linux; U; Android 4.2.2; A114 Build/JDQ39)"
49.200.3.52 - - [24/Feb/2017:17:24:49 +0000] "GET /postsData.php HTTP/1.1" 200 613 "-" "Dalvik/1.6.0 (Linux; U; Android 4.2.2; A114 Build/JDQ39)"
49.200.3.52 - - [24/Feb/2017:17:24:49 +0000] "GET /buttons.php?type=JSON HTTP/1.1" 200 203 "-" "Dalvik/1.6.0 (Linux; U; Android 4.2.2; A114 Build/JDQ39)"
49.200.3.52 - - [24/Feb/2017:17:24:50 +0000] "GET /Logo_img_url.jpg HTTP/1.1" 200 227246 "-" "Dalvik/1.6.0 (Linux; U; Android 4.2.2; A114 Build/JDQ39)"
49.200.3.52 - - [24/Feb/2017:17:24:52 +0000] "GET /Logo_img_url.jpg HTTP/1.1" 304 182 "-" "Dalvik/1.6.0 (Linux; U; Android 4.2.2; A114 Build/JDQ39)"
49.200.3.52 - - [24/Feb/2017:17:24:53 +0000] "GET /buttons.php?type=JSON HTTP/1.1" 200 202 "-" "Dalvik/1.6.0 (Linux; U; Android 4.2.2; A114 Build/JDQ39)"
49.200.3.52 - - [24/Feb/2017:17:24:55 +0000] "GET /buttons.php?type=JSON HTTP/1.1" 200 202 "-" "Dalvik/1.6.0 (Linux; U; Android 4.2.2; A114 Build/JDQ39)"
118.102.235.102 - - [24/Feb/2017:17:25:41 +0000] "GET /buttons.php?type=JSON HTTP/1.1" 200 203 "-" "Dalvik/1.6.0 (Linux; U; Android 4.2.2; A114 Build/JDQ39)"
118.102.235.102 - - [24/Feb/2017:17:25:44 +0000] "GET /buttons.php?type=JSON HTTP/1.1" 200 202 "-" "Dalvik/1.6.0 (Linux; U; Android 4.2.2; A114 Build/JDQ39)"
118.102.235.102 - - [24/Feb/2017:17:26:08 +0000] "GET /buttons.php?type=JSON HTTP/1.1" 200 203 "-" "Dalvik/1.6.0 (Linux; U; Android 4.2.2; A114 Build/JDQ39)"
118.102.235.102 - - [24/Feb/2017:17:26:08 +0000] "GET /postsData.php HTTP/1.1" 200 614 "-" "Dalvik/1.6.0 (Linux; U; Android 4.2.2; A114 Build/JDQ39)"
59.93.228.62 - - [24/Feb/2017:17:26:09 +0000] "GET /buttons.php?type=JSON HTTP/1.1" 200 203 "-" "Dalvik/2.1.0 (Linux; U; Android 6.0.1; Le X821 Build/FGXOSOP5801910121S)"
118.102.235.102 - - [24/Feb/2017:17:26:09 +0000] "GET /postsData.php HTTP/1.1" 200 613 "-" "Dalvik/1.6.0 (Linux; U; Android 4.2.2; A114 Build/JDQ39)"
118.102.235.102 - - [24/Feb/2017:17:26:10 +0000] "GET /buttons.php?type=JSON HTTP/1.1" 200 203 "-" "Dalvik/1.6.0 (Linux; U; Android 4.2.2; A114 Build/JDQ39)"
118.102.235.102 - - [24/Feb/2017:17:26:11 +0000] "GET /Logo_img_url.jpg HTTP/1.1" 304 183 "-" "Dalvik/1.6.0 (Linux; U; Android 4.2.2; A114 Build/JDQ39)"
59.93.228.62 - - [24/Feb/2017:17:26:11 +0000] "GET /buttons.php?type=JSON HTTP/1.1" 200 202 "-" "Dalvik/2.1.0 (Linux; U; Android 6.0.1; Le X821 Build/FGXOSOP5801910121S)"
118.102.235.102 - - [24/Feb/2017:17:26:12 +0000] "GET /Logo_img_url.jpg HTTP/1.1" 304 182 "-" "Dalvik/1.6.0 (Linux; U; Android 4.2.2; A114 Build/JDQ39)"
118.102.235.102 - - [24/Feb/2017:17:26:13 +0000] "GET /Logo_img_url.jpg HTTP/1.1" 304 182 "-" "Dalvik/1.6.0 (Linux; U; Android 4.2.2; A114 Build/JDQ39)"
59.93.228.62 - - [24/Feb/2017:17:26:13 +0000] "GET /buttons.php?type=JSON HTTP/1.1" 200 202 "-" "Dalvik/2.1.0 (Linux; U; Android 6.0.1; Le X821 Build/FGXOSOP5801910121S)"
118.102.235.102 - - [24/Feb/2017:17:26:14 +0000] "GET /Logo_img_url.jpg HTTP/1.1" 304 183 "-" "Dalvik/1.6.0 (Linux; U; Android 4.2.2; A114 Build/JDQ39)"
118.102.235.102 - - [24/Feb/2017:17:27:15 +0000] "GET /buttons.php?type=JSON HTTP/1.1" 200 203 "-" "Mozilla/5.0 (Windows NT 10.0; Win64; x64) AppleWebKit/537.36 (KHTML, like Gecko) Chrome/51.0.2704.79 Safari/537.36 Edge/14.14393"
118.102.235.102 - - [24/Feb/2017:17:27:25 +0000] "GET /buttons.php?type=JSON HTTP/1.1" 200 203 "-" "Mozilla/5.0 (Windows NT 10.0; Win64; x64) AppleWebKit/537.36 (KHTML, like Gecko) Chrome/51.0.2704.79 Safari/537.36 Edge/14.14393"
118.102.235.102 - - [24/Feb/2017:17:27:53 +0000] "GET /buttons.php? HTTP/1.1" 200 7335 "-" "Mozilla/5.0 (Windows NT 10.0; Win64; x64) AppleWebKit/537.36 (KHTML, like Gecko) Chrome/51.0.2704.79 Safari/537.36 Edge/14.14393"
118.102.235.102 - - [24/Feb/2017:17:27:54 +0000] "GET /event_images/CS.jpg HTTP/1.1" 304 182 "http://interrupt.tk/buttons.php?" "Mozilla/5.0 (Windows NT 10.0; Win64; x64) AppleWebKit/537.36 (KHTML, like Gecko) Chrome/51.0.2704.79 Safari/537.36 Edge/14.14393"
118.102.235.102 - - [24/Feb/2017:17:27:54 +0000] "GET /event_images/BB.jpg HTTP/1.1" 304 183 "http://interrupt.tk/buttons.php?" "Mozilla/5.0 (Windows NT 10.0; Win64; x64) AppleWebKit/537.36 (KHTML, like Gecko) Chrome/51.0.2704.79 Safari/537.36 Edge/14.14393"
118.102.235.102 - - [24/Feb/2017:17:27:54 +0000] "GET /event_images/COOK.jpg HTTP/1.1" 304 183 "http://interrupt.tk/buttons.php?" "Mozilla/5.0 (Windows NT 10.0; Win64; x64) AppleWebKit/537.36 (KHTML, like Gecko) Chrome/51.0.2704.79 Safari/537.36 Edge/14.14393"
118.102.235.102 - - [24/Feb/2017:17:27:58 +0000] "GET /event_desc.php?event=Bumblebee HTTP/1.1" 200 1000 "http://interrupt.tk/buttons.php?" "Mozilla/5.0 (Windows NT 10.0; Win64; x64) AppleWebKit/537.36 (KHTML, like Gecko) Chrome/51.0.2704.79 Safari/537.36 Edge/14.14393"
118.102.235.102 - - [24/Feb/2017:17:28:03 +0000] "GET /buttons.php HTTP/1.1" 200 7334 "http://interrupt.tk/event_desc.php?event=Bumblebee" "Mozilla/5.0 (Windows NT 10.0; Win64; x64) AppleWebKit/537.36 (KHTML, like Gecko) Chrome/51.0.2704.79 Safari/537.36 Edge/14.14393"
118.102.235.102 - - [24/Feb/2017:17:28:09 +0000] "GET /buttons.php?type=JSON HTTP/1.1" 200 203 "-" "Mozilla/5.0 (Windows NT 10.0; Win64; x64) AppleWebKit/537.36 (KHTML, like Gecko) Chrome/51.0.2704.79 Safari/537.36 Edge/14.14393"
118.102.235.102 - - [24/Feb/2017:17:29:28 +0000] "GET /buttons.php?type=JSON HTTP/1.1" 200 203 "-" "Mozilla/5.0 (Windows NT 10.0; Win64; x64) AppleWebKit/537.36 (KHTML, like Gecko) Chrome/51.0.2704.79 Safari/537.36 Edge/14.14393"
118.102.235.102 - - [24/Feb/2017:17:31:03 +0000] "GET /buttons.php?type=JSON HTTP/1.1" 200 203 "-" "Mozilla/5.0 (Windows NT 10.0; Win64; x64) AppleWebKit/537.36 (KHTML, like Gecko) Chrome/56.0.2924.87 Safari/537.36"
118.102.235.102 - - [24/Feb/2017:17:31:05 +0000] "GET /favicon.ico HTTP/1.1" 404 504 "http://interrupt.tk/buttons.php?type=JSON" "Mozilla/5.0 (Windows NT 10.0; Win64; x64) AppleWebKit/537.36 (KHTML, like Gecko) Chrome/56.0.2924.87 Safari/537.36"
118.102.235.102 - - [24/Feb/2017:17:32:25 +0000] "GET /buttons HTTP/1.1" 404 500 "-" "Mozilla/5.0 (Windows NT 10.0; Win64; x64) AppleWebKit/537.36 (KHTML, like Gecko) Chrome/56.0.2924.87 Safari/537.36"
118.102.235.102 - - [24/Feb/2017:17:32:34 +0000] "GET /buttons.php HTTP/1.1" 200 7335 "-" "Mozilla/5.0 (Windows NT 10.0; Win64; x64) AppleWebKit/537.36 (KHTML, like Gecko) Chrome/56.0.2924.87 Safari/537.36"
118.102.235.102 - - [24/Feb/2017:17:32:35 +0000] "GET /event_images/BB.jpg HTTP/1.1" 200 102340 "-" "Mozilla/5.0 (Windows NT 10.0; Win64; x64) AppleWebKit/537.36 (KHTML, like Gecko) Chrome/56.0.2924.87 Safari/537.36"
118.102.235.102 - - [24/Feb/2017:17:32:36 +0000] "GET /event_images/COOK.jpg HTTP/1.1" 200 92080 "-" "Mozilla/5.0 (Windows NT 10.0; Win64; x64) AppleWebKit/537.36 (KHTML, like Gecko) Chrome/56.0.2924.87 Safari/537.36"
118.102.235.102 - - [24/Feb/2017:17:32:35 +0000] "GET /Logo_img_url.jpg HTTP/1.1" 200 227246 "-" "Mozilla/5.0 (Windows NT 10.0; Win64; x64) AppleWebKit/537.36 (KHTML, like Gecko) Chrome/56.0.2924.87 Safari/537.36"
118.102.235.102 - - [24/Feb/2017:17:32:35 +0000] "GET /event_images/CS.jpg HTTP/1.1" 200 74836 "-" "Mozilla/5.0 (Windows NT 10.0; Win64; x64) AppleWebKit/537.36 (KHTML, like Gecko) Chrome/56.0.2924.87 Safari/537.36"
118.102.235.102 - - [24/Feb/2017:17:32:50 +0000] "GET /buttons.php?type=JSON HTTP/1.1" 200 203 "-" "Mozilla/5.0 (Windows NT 10.0; Win64; x64) AppleWebKit/537.36 (KHTML, like Gecko) Chrome/56.0.2924.87 Safari/537.36"
27.34.253.40 - - [24/Feb/2017:17:34:15 +0000] "GET /postsData.php HTTP/1.1" 200 614 "-" "Dalvik/2.1.0 (Linux; U; Android 6.0.1; Redmi 3S MIUI/V8.1.1.0.MALMIDI)"
27.34.253.40 - - [24/Feb/2017:17:34:15 +0000] "GET /buttons.php?type=JSON HTTP/1.1" 200 203 "-" "Dalvik/2.1.0 (Linux; U; Android 6.0.1; Redmi 3S MIUI/V8.1.1.0.MALMIDI)"
27.34.253.40 - - [24/Feb/2017:17:34:15 +0000] "GET /Logo_img_url.jpg HTTP/1.1" 304 182 "-" "Dalvik/2.1.0 (Linux; U; Android 6.0.1; Redmi 3S MIUI/V8.1.1.0.MALMIDI)"
27.34.253.40 - - [24/Feb/2017:17:34:16 +0000] "GET /Logo_img_url.jpg HTTP/1.1" 304 182 "-" "Dalvik/2.1.0 (Linux; U; Android 6.0.1; Redmi 3S MIUI/V8.1.1.0.MALMIDI)"
27.34.253.40 - - [24/Feb/2017:17:34:18 +0000] "GET /buttons.php?type=JSON HTTP/1.1" 200 202 "-" "Dalvik/2.1.0 (Linux; U; Android 6.0.1; Redmi 3S MIUI/V8.1.1.0.MALMIDI)"
27.34.253.40 - - [24/Feb/2017:17:34:20 +0000] "GET /buttons.php?type=JSON HTTP/1.1" 200 202 "-" "Dalvik/2.1.0 (Linux; U; Android 6.0.1; Redmi 3S MIUI/V8.1.1.0.MALMIDI)"
27.34.253.40 - - [24/Feb/2017:17:34:21 +0000] "GET /buttons.php?type=JSON HTTP/1.1" 200 202 "-" "Dalvik/2.1.0 (Linux; U; Android 6.0.1; Redmi 3S MIUI/V8.1.1.0.MALMIDI)"
27.34.253.40 - - [24/Feb/2017:17:34:23 +0000] "GET /buttons.php?type=JSON HTTP/1.1" 200 202 "-" "Dalvik/2.1.0 (Linux; U; Android 6.0.1; Redmi 3S MIUI/V8.1.1.0.MALMIDI)"
27.34.253.40 - - [24/Feb/2017:17:34:24 +0000] "GET /buttons.php?type=JSON HTTP/1.1" 200 202 "-" "Dalvik/2.1.0 (Linux; U; Android 6.0.1; Redmi 3S MIUI/V8.1.1.0.MALMIDI)"
27.34.253.40 - - [24/Feb/2017:17:34:25 +0000] "GET /buttons.php?type=JSON HTTP/1.1" 200 202 "-" "Dalvik/2.1.0 (Linux; U; Android 6.0.1; Redmi 3S MIUI/V8.1.1.0.MALMIDI)"
108.162.229.170 - - [24/Feb/2017:17:34:53 +0000] "GET /user/help.php HTTP/1.1" 404 511 "-" "Mozilla/5.0 (compatible; AhrefsBot/5.2; +http://ahrefs.com/robot/)"
27.34.253.40 - - [24/Feb/2017:17:35:02 +0000] "GET /buttons.php?type=JSON HTTP/1.1" 200 203 "-" "Dalvik/2.1.0 (Linux; U; Android 6.0.1; Redmi 3S MIUI/V8.1.1.0.MALMIDI)"
108.162.229.194 - - [24/Feb/2017:17:35:13 +0000] "GET /robots.txt HTTP/1.1" 404 508 "-" "Mozilla/5.0 (compatible; AhrefsBot/5.2; +http://ahrefs.com/robot/)"
118.102.235.102 - - [24/Feb/2017:17:35:36 +0000] "GET /buttons.php?type=JSON HTTP/1.1" 200 203 "-" "Mozilla/5.0 (Windows NT 10.0; Win64; x64) AppleWebKit/537.36 (KHTML, like Gecko) Chrome/56.0.2924.87 Safari/537.36"
118.102.235.102 - - [24/Feb/2017:17:36:46 +0000] "GET /buttons.php?type=JSON HTTP/1.1" 200 205 "-" "Mozilla/5.0 (Windows NT 10.0; Win64; x64) AppleWebKit/537.36 (KHTML, like Gecko) Chrome/56.0.2924.87 Safari/537.36"
118.102.235.102 - - [24/Feb/2017:17:37:00 +0000] "GET /buttons.php HTTP/1.1" 200 6827 "-" "Mozilla/5.0 (Windows NT 10.0; Win64; x64) AppleWebKit/537.36 (KHTML, like Gecko) Chrome/56.0.2924.87 Safari/537.36"
118.102.235.102 - - [24/Feb/2017:17:37:25 +0000] "GET /buttons.php HTTP/1.1" 200 7335 "-" "Mozilla/5.0 (Windows NT 10.0; Win64; x64) AppleWebKit/537.36 (KHTML, like Gecko) Chrome/56.0.2924.87 Safari/537.36"
118.102.235.102 - - [24/Feb/2017:17:37:27 +0000] "GET /event_images/BB.jpg HTTP/1.1" 304 182 "-" "Mozilla/5.0 (Windows NT 10.0; Win64; x64) AppleWebKit/537.36 (KHTML, like Gecko) Chrome/56.0.2924.87 Safari/537.36"
118.102.235.102 - - [24/Feb/2017:17:37:27 +0000] "GET /event_images/CS.jpg HTTP/1.1" 206 340 "-" "Mozilla/5.0 (Windows NT 10.0; Win64; x64) AppleWebKit/537.36 (KHTML, like Gecko) Chrome/56.0.2924.87 Safari/537.36"
118.102.235.102 - - [24/Feb/2017:17:37:27 +0000] "GET /event_images/COOK.jpg HTTP/1.1" 304 183 "-" "Mozilla/5.0 (Windows NT 10.0; Win64; x64) AppleWebKit/537.36 (KHTML, like Gecko) Chrome/56.0.2924.87 Safari/537.36"
118.102.235.102 - - [24/Feb/2017:17:37:28 +0000] "GET /event_images/CS.jpg HTTP/1.1" 206 50087 "-" "Mozilla/5.0 (Windows NT 10.0; Win64; x64) AppleWebKit/537.36 (KHTML, like Gecko) Chrome/56.0.2924.87 Safari/537.36"
118.102.235.102 - - [24/Feb/2017:17:37:36 +0000] "GET /buttons.php?type=JSON HTTP/1.1" 200 203 "-" "Mozilla/5.0 (Windows NT 10.0; Win64; x64) AppleWebKit/537.36 (KHTML, like Gecko) Chrome/56.0.2924.87 Safari/537.36"
118.102.235.102 - - [24/Feb/2017:17:38:32 +0000] "GET /buttons.php?type=J HTTP/1.1" 200 7335 "-" "Mozilla/5.0 (Windows NT 10.0; Win64; x64) AppleWebKit/537.36 (KHTML, like Gecko) Chrome/56.0.2924.87 Safari/537.36"
118.102.235.102 - - [24/Feb/2017:17:38:41 +0000] "GET /buttons.php?type=JSON HTTP/1.1" 200 203 "-" "Mozilla/5.0 (Windows NT 10.0; Win64; x64) AppleWebKit/537.36 (KHTML, like Gecko) Chrome/56.0.2924.87 Safari/537.36"
118.102.235.102 - - [24/Feb/2017:17:38:51 +0000] "GET /buttons.php?type=JSON HTTP/1.1" 200 203 "-" "Mozilla/5.0 (Windows NT 10.0; Win64; x64) AppleWebKit/537.36 (KHTML, like Gecko) Chrome/56.0.2924.87 Safari/537.36"
118.102.235.102 - - [24/Feb/2017:17:39:47 +0000] "GET /buttons.php?type=JSON HTTP/1.1" 200 203 "-" "Mozilla/5.0 (Windows NT 10.0; Win64; x64) AppleWebKit/537.36 (KHTML, like Gecko) Chrome/56.0.2924.87 Safari/537.36"
106.51.21.22 - - [24/Feb/2017:17:40:26 +0000] "GET /buttons.php?type=JSON HTTP/1.1" 200 203 "-" "Mozilla/5.0 (X11; Linux x86_64) AppleWebKit/537.36 (KHTML, like Gecko) Chrome/56.0.2924.87 Safari/537.36"
106.51.21.22 - - [24/Feb/2017:17:40:27 +0000] "GET /favicon.ico HTTP/1.1" 404 503 "http://interrupt.tk/buttons.php?type=JSON" "Mozilla/5.0 (X11; Linux x86_64) AppleWebKit/537.36 (KHTML, like Gecko) Chrome/56.0.2924.87 Safari/537.36"
118.102.235.102 - - [24/Feb/2017:17:40:50 +0000] "GET /buttons.php?type=JSON HTTP/1.1" 200 203 "-" "WhatsApp/2.16.396 A"
118.102.235.102 - - [24/Feb/2017:17:40:52 +0000] "GET /buttons.php?type HTTP/1.1" 200 7334 "-" "WhatsApp/2.16.396 A"
118.102.235.102 - - [24/Feb/2017:17:40:52 +0000] "GET /buttons.php?type= HTTP/1.1" 200 7335 "-" "WhatsApp/2.16.396 A"
118.102.235.102 - - [24/Feb/2017:17:40:53 +0000] "GET /buttons.php HTTP/1.1" 200 7335 "-" "WhatsApp/2.16.396 A"
59.93.228.62 - - [24/Feb/2017:17:42:10 +0000] "GET /postsData.php HTTP/1.1" 200 614 "-" "Dalvik/2.1.0 (Linux; U; Android 6.0.1; Le X821 Build/FGXOSOP5801910121S)"
59.93.228.62 - - [24/Feb/2017:17:42:10 +0000] "GET /buttons.php?type=JSON HTTP/1.1" 200 203 "-" "Dalvik/2.1.0 (Linux; U; Android 6.0.1; Le X821 Build/FGXOSOP5801910121S)"
59.93.228.62 - - [24/Feb/2017:17:42:11 +0000] "GET /Logo_img_url.jpg HTTP/1.1" 304 182 "-" "Dalvik/2.1.0 (Linux; U; Android 6.0.1; Le X821 Build/FGXOSOP5801910121S)"
59.93.228.62 - - [24/Feb/2017:17:42:11 +0000] "GET /event_images/BB.jpg HTTP/1.1" 304 182 "-" "Dalvik/2.1.0 (Linux; U; Android 6.0.1; Le X821 Build/FGXOSOP5801910121S)"
59.93.228.62 - - [24/Feb/2017:17:42:11 +0000] "GET /event_images/COOK.jpg HTTP/1.1" 304 183 "-" "Dalvik/2.1.0 (Linux; U; Android 6.0.1; Le X821 Build/FGXOSOP5801910121S)"
59.93.228.62 - - [24/Feb/2017:17:42:11 +0000] "GET /Logo_img_url.jpg HTTP/1.1" 304 182 "-" "Dalvik/2.1.0 (Linux; U; Android 6.0.1; Le X821 Build/FGXOSOP5801910121S)"
59.93.228.62 - - [24/Feb/2017:17:42:11 +0000] "GET /event_images/BB.jpg HTTP/1.1" 304 182 "-" "Dalvik/2.1.0 (Linux; U; Android 6.0.1; Le X821 Build/FGXOSOP5801910121S)"
59.93.228.62 - - [24/Feb/2017:17:42:12 +0000] "GET /event_images/COOK.jpg HTTP/1.1" 304 182 "-" "Dalvik/2.1.0 (Linux; U; Android 6.0.1; Le X821 Build/FGXOSOP5801910121S)"
59.93.228.62 - - [24/Feb/2017:17:42:28 +0000] "GET /buttons.php?type=JSON HTTP/1.1" 200 203 "-" "Dalvik/2.1.0 (Linux; U; Android 6.0.1; Le X821 Build/FGXOSOP5801910121S)"
59.93.228.62 - - [24/Feb/2017:17:42:28 +0000] "GET /postsData.php HTTP/1.1" 200 614 "-" "Dalvik/2.1.0 (Linux; U; Android 6.0.1; Le X821 Build/FGXOSOP5801910121S)"
59.93.228.62 - - [24/Feb/2017:17:42:28 +0000] "GET /Logo_img_url.jpg HTTP/1.1" 304 182 "-" "Dalvik/2.1.0 (Linux; U; Android 6.0.1; Le X821 Build/FGXOSOP5801910121S)"
59.93.228.62 - - [24/Feb/2017:17:42:28 +0000] "GET /event_images/BB.jpg HTTP/1.1" 304 182 "-" "Dalvik/2.1.0 (Linux; U; Android 6.0.1; Le X821 Build/FGXOSOP5801910121S)"
59.93.228.62 - - [24/Feb/2017:17:42:29 +0000] "GET /event_images/COOK.jpg HTTP/1.1" 304 183 "-" "Dalvik/2.1.0 (Linux; U; Android 6.0.1; Le X821 Build/FGXOSOP5801910121S)"
59.93.228.62 - - [24/Feb/2017:17:42:29 +0000] "GET /event_images/BB.jpg HTTP/1.1" 304 182 "-" "Dalvik/2.1.0 (Linux; U; Android 6.0.1; Le X821 Build/FGXOSOP5801910121S)"
59.93.228.62 - - [24/Feb/2017:17:42:29 +0000] "GET /Logo_img_url.jpg HTTP/1.1" 304 182 "-" "Dalvik/2.1.0 (Linux; U; Android 6.0.1; Le X821 Build/FGXOSOP5801910121S)"
59.93.228.62 - - [24/Feb/2017:17:42:29 +0000] "GET /event_images/COOK.jpg HTTP/1.1" 304 182 "-" "Dalvik/2.1.0 (Linux; U; Android 6.0.1; Le X821 Build/FGXOSOP5801910121S)"
118.102.235.102 - - [24/Feb/2017:17:42:37 +0000] "GET /postsData.php HTTP/1.1" 200 614 "-" "Dalvik/1.6.0 (Linux; U; Android 4.2.2; A114 Build/JDQ39)"
118.102.235.102 - - [24/Feb/2017:17:42:37 +0000] "GET /buttons.php?type=JSON HTTP/1.1" 200 203 "-" "Dalvik/1.6.0 (Linux; U; Android 4.2.2; A114 Build/JDQ39)"
118.102.235.102 - - [24/Feb/2017:17:42:39 +0000] "GET /postsData.php HTTP/1.1" 200 613 "-" "Dalvik/1.6.0 (Linux; U; Android 4.2.2; A114 Build/JDQ39)"
118.102.235.102 - - [24/Feb/2017:17:42:39 +0000] "GET /buttons.php?type=JSON HTTP/1.1" 200 203 "-" "Dalvik/1.6.0 (Linux; U; Android 4.2.2; A114 Build/JDQ39)"
118.102.235.102 - - [24/Feb/2017:17:42:40 +0000] "GET /Logo_img_url.jpg HTTP/1.1" 304 183 "-" "Dalvik/1.6.0 (Linux; U; Android 4.2.2; A114 Build/JDQ39)"
118.102.235.102 - - [24/Feb/2017:17:42:41 +0000] "GET /Logo_img_url.jpg HTTP/1.1" 304 182 "-" "Dalvik/1.6.0 (Linux; U; Android 4.2.2; A114 Build/JDQ39)"
118.102.235.102 - - [24/Feb/2017:17:42:41 +0000] "GET /Logo_img_url.jpg HTTP/1.1" 304 182 "-" "Dalvik/1.6.0 (Linux; U; Android 4.2.2; A114 Build/JDQ39)"
59.93.228.62 - - [24/Feb/2017:17:43:29 +0000] "GET /buttons.php?type=JSON HTTP/1.1" 200 203 "-" "Dalvik/2.1.0 (Linux; U; Android 6.0.1; Le X821 Build/FGXOSOP5801910121S)"
59.93.228.62 - - [24/Feb/2017:17:43:29 +0000] "GET /postsData.php HTTP/1.1" 200 614 "-" "Dalvik/2.1.0 (Linux; U; Android 6.0.1; Le X821 Build/FGXOSOP5801910121S)"
59.93.228.62 - - [24/Feb/2017:17:43:30 +0000] "GET /Logo_img_url.jpg HTTP/1.1" 304 182 "-" "Dalvik/2.1.0 (Linux; U; Android 6.0.1; Le X821 Build/FGXOSOP5801910121S)"
59.93.228.62 - - [24/Feb/2017:17:43:30 +0000] "GET /event_images/BB.jpg HTTP/1.1" 304 182 "-" "Dalvik/2.1.0 (Linux; U; Android 6.0.1; Le X821 Build/FGXOSOP5801910121S)"
59.93.228.62 - - [24/Feb/2017:17:43:30 +0000] "GET /event_images/COOK.jpg HTTP/1.1" 304 183 "-" "Dalvik/2.1.0 (Linux; U; Android 6.0.1; Le X821 Build/FGXOSOP5801910121S)"
59.93.228.62 - - [24/Feb/2017:17:43:30 +0000] "GET /Logo_img_url.jpg HTTP/1.1" 304 182 "-" "Dalvik/2.1.0 (Linux; U; Android 6.0.1; Le X821 Build/FGXOSOP5801910121S)"
59.93.228.62 - - [24/Feb/2017:17:43:30 +0000] "GET /event_images/BB.jpg HTTP/1.1" 304 182 "-" "Dalvik/2.1.0 (Linux; U; Android 6.0.1; Le X821 Build/FGXOSOP5801910121S)"
59.93.228.62 - - [24/Feb/2017:17:43:31 +0000] "GET /event_images/COOK.jpg HTTP/1.1" 304 182 "-" "Dalvik/2.1.0 (Linux; U; Android 6.0.1; Le X821 Build/FGXOSOP5801910121S)"
173.245.50.100 - - [24/Feb/2017:17:44:14 +0000] "GET /robots.txt HTTP/1.1" 404 506 "-" "Mozilla/5.0 (compatible; Googlebot/2.1; +http://www.google.com/bot.html)"
108.162.221.158 - - [24/Feb/2017:17:44:14 +0000] "GET /updatePage.php HTTP/1.1" 200 989 "-" "Mozilla/5.0 (compatible; Googlebot/2.1; +http://www.google.com/bot.html)"
118.102.235.102 - - [24/Feb/2017:17:44:19 +0000] "GET /postsData.php HTTP/1.1" 200 614 "-" "Dalvik/1.6.0 (Linux; U; Android 4.2.2; A114 Build/JDQ39)"
59.93.228.62 - - [24/Feb/2017:17:45:08 +0000] "GET /event_images/BB.jpg HTTP/1.1" 304 183 "-" "Dalvik/2.1.0 (Linux; U; Android 6.0.1; Le X821 Build/FGXOSOP5801910121S)"
59.93.228.62 - - [24/Feb/2017:17:45:25 +0000] "GET /event_images/COOK.jpg HTTP/1.1" 304 183 "-" "Dalvik/2.1.0 (Linux; U; Android 6.0.1; Le X821 Build/FGXOSOP5801910121S)"
59.93.228.62 - - [24/Feb/2017:17:46:37 +0000] "GET /buttons.php?type=JSON HTTP/1.1" 200 203 "-" "Mozilla/5.0 (Windows NT 10.0; WOW64) AppleWebKit/537.36 (KHTML, like Gecko) Chrome/56.0.2924.87 Safari/537.36"
59.93.228.62 - - [24/Feb/2017:17:46:38 +0000] "GET /favicon.ico HTTP/1.1" 404 503 "http://interrupt.tk/buttons.php?type=JSON" "Mozilla/5.0 (Windows NT 10.0; WOW64) AppleWebKit/537.36 (KHTML, like Gecko) Chrome/56.0.2924.87 Safari/537.36"
59.93.228.62 - - [24/Feb/2017:17:46:53 +0000] "GET /buttons.php?type=JSON HTTP/1.1" 200 203 "-" "Mozilla/5.0 (Windows NT 10.0; WOW64) AppleWebKit/537.36 (KHTML, like Gecko) Chrome/56.0.2924.87 Safari/537.36"
118.102.235.102 - - [24/Feb/2017:17:47:48 +0000] "GET /buttons.php?type=JSON HTTP/1.1" 200 203 "-" "Mozilla/5.0 (Windows NT 10.0; Win64; x64) AppleWebKit/537.36 (KHTML, like Gecko) Chrome/56.0.2924.87 Safari/537.36"
118.102.235.102 - - [24/Feb/2017:17:47:55 +0000] "GET /buttons.php HTTP/1.1" 200 7335 "-" "Mozilla/5.0 (Windows NT 10.0; Win64; x64) AppleWebKit/537.36 (KHTML, like Gecko) Chrome/56.0.2924.87 Safari/537.36"
118.102.235.102 - - [24/Feb/2017:17:47:58 +0000] "GET /event_images/BB.jpg HTTP/1.1" 304 182 "-" "Mozilla/5.0 (Windows NT 10.0; Win64; x64) AppleWebKit/537.36 (KHTML, like Gecko) Chrome/56.0.2924.87 Safari/537.36"
118.102.235.102 - - [24/Feb/2017:17:47:58 +0000] "GET /event_images/COOK.jpg HTTP/1.1" 304 183 "-" "Mozilla/5.0 (Windows NT 10.0; Win64; x64) AppleWebKit/537.36 (KHTML, like Gecko) Chrome/56.0.2924.87 Safari/537.36"
118.102.235.102 - - [24/Feb/2017:17:47:58 +0000] "GET /event_images/CS.jpg HTTP/1.1" 304 183 "-" "Mozilla/5.0 (Windows NT 10.0; Win64; x64) AppleWebKit/537.36 (KHTML, like Gecko) Chrome/56.0.2924.87 Safari/537.36"
59.93.228.62 - - [24/Feb/2017:17:49:16 +0000] "GET /postsData.php HTTP/1.1" 200 614 "-" "Dalvik/2.1.0 (Linux; U; Android 6.0.1; Le X821 Build/FGXOSOP5801910121S)"
59.93.228.62 - - [24/Feb/2017:17:49:16 +0000] "GET /buttons.php?type=JSON HTTP/1.1" 200 203 "-" "Dalvik/2.1.0 (Linux; U; Android 6.0.1; Le X821 Build/FGXOSOP5801910121S)"
118.102.235.102 - - [24/Feb/2017:17:50:27 +0000] "GET /buttons.php?type=JSON HTTP/1.1" 200 203 "-" "Mozilla/5.0 (Windows NT 10.0; Win64; x64) AppleWebKit/537.36 (KHTML, like Gecko) Chrome/56.0.2924.87 Safari/537.36"
162.158.178.79 - - [24/Feb/2017:17:51:23 +0000] "GET /js/jquery.easings.min.js HTTP/1.1" 200 5443 "-" "Mozilla/5.0 (compatible; Baiduspider/2.0; +http://www.baidu.com/search/spider.html)"
118.102.235.102 - - [24/Feb/2017:17:58:20 +0000] "GET /postsData.php HTTP/1.1" 200 614 "-" "Mozilla/5.0 (Windows NT 10.0; Win64; x64) AppleWebKit/537.36 (KHTML, like Gecko) Chrome/56.0.2924.87 Safari/537.36"
118.102.235.102 - - [24/Feb/2017:18:06:26 +0000] "GET /postsData.php HTTP/1.1" 200 614 "-" "Dalvik/1.6.0 (Linux; U; Android 4.2.2; A114 Build/JDQ39)"
118.102.235.102 - - [24/Feb/2017:18:06:26 +0000] "GET /buttons.php?type=JSON HTTP/1.1" 200 203 "-" "Dalvik/1.6.0 (Linux; U; Android 4.2.2; A114 Build/JDQ39)"
118.102.235.102 - - [24/Feb/2017:18:06:28 +0000] "GET /postsData.php HTTP/1.1" 200 613 "-" "Dalvik/1.6.0 (Linux; U; Android 4.2.2; A114 Build/JDQ39)"
118.102.235.102 - - [24/Feb/2017:18:06:28 +0000] "GET /buttons.php?type=JSON HTTP/1.1" 200 203 "-" "Dalvik/1.6.0 (Linux; U; Android 4.2.2; A114 Build/JDQ39)"
118.102.235.102 - - [24/Feb/2017:18:06:29 +0000] "GET /Logo_img_url.jpg HTTP/1.1" 304 182 "-" "Dalvik/1.6.0 (Linux; U; Android 4.2.2; A114 Build/JDQ39)"
118.102.235.102 - - [24/Feb/2017:18:06:30 +0000] "GET /Logo_img_url.jpg HTTP/1.1" 304 182 "-" "Dalvik/1.6.0 (Linux; U; Android 4.2.2; A114 Build/JDQ39)"
118.102.235.102 - - [24/Feb/2017:18:06:31 +0000] "GET /buttons.php?type=JSON HTTP/1.1" 200 203 "-" "Dalvik/1.6.0 (Linux; U; Android 4.2.2; A114 Build/JDQ39)"
118.102.235.102 - - [24/Feb/2017:18:06:31 +0000] "GET /Logo_img_url.jpg HTTP/1.1" 304 183 "-" "Dalvik/1.6.0 (Linux; U; Android 4.2.2; A114 Build/JDQ39)"
118.102.235.102 - - [24/Feb/2017:18:06:32 +0000] "GET /Logo_img_url.jpg HTTP/1.1" 304 183 "-" "Dalvik/1.6.0 (Linux; U; Android 4.2.2; A114 Build/JDQ39)"
118.102.235.102 - - [24/Feb/2017:18:13:52 +0000] "GET /buttons.php?type=JSON HTTP/1.1" 200 203 "-" "Mozilla/5.0 (Windows NT 10.0; Win64; x64) AppleWebKit/537.36 (KHTML, like Gecko) Chrome/56.0.2924.87 Safari/537.36"
162.158.179.194 - - [24/Feb/2017:18:19:39 +0000] "GET / HTTP/1.1" 200 5002 "-" "Mozilla/5.0 (compatible; Baiduspider/2.0; +http://www.baidu.com/search/spider.html)"
172.68.10.248 - - [24/Feb/2017:18:20:22 +0000] "GET /registration.php HTTP/1.1" 200 722 "-" "Mozilla/5.0 (compatible; YandexBot/3.0; +http://yandex.com/bots)"
172.68.10.248 - - [24/Feb/2017:18:21:35 +0000] "GET /updateDateTime.php HTTP/1.1" 200 719 "-" "Mozilla/5.0 (compatible; YandexBot/3.0; +http://yandex.com/bots)"
118.102.235.102 - - [24/Feb/2017:18:23:20 +0000] "GET /buttons.php?type=JSON HTTP/1.1" 200 203 "-" "Mozilla/5.0 (Windows NT 10.0; Win64; x64) AppleWebKit/537.36 (KHTML, like Gecko) Chrome/56.0.2924.87 Safari/537.36"
