108.162.221.116 - - [24/Feb/2017:06:35:58 +0000] "GET /wp-login.php HTTP/1.1" 404 508 "-" "Mozilla/5.0 (compatible; MSIE 9.0; Windows NT 6.1; Trident/5.0)"
108.162.221.116 - - [24/Feb/2017:06:35:58 +0000] "GET //wp-login.php HTTP/1.1" 404 507 "-" "Mozilla/5.0 (compatible; MSIE 9.0; Windows NT 6.1; Trident/5.0)"
162.158.69.31 - - [24/Feb/2017:06:36:02 +0000] "GET /wp-login.php HTTP/1.1" 404 508 "-" "Mozilla/5.0 (compatible; MSIE 9.0; Windows NT 6.1; Trident/5.0)"
162.158.69.31 - - [24/Feb/2017:06:36:02 +0000] "GET //wp-login.php HTTP/1.1" 404 508 "-" "Mozilla/5.0 (compatible; MSIE 9.0; Windows NT 6.1; Trident/5.0)"
108.162.221.50 - - [24/Feb/2017:06:36:28 +0000] "GET /details.php HTTP/1.1" 200 772 "-" "Mozilla/5.0 (compatible; Googlebot/2.1; +http://www.google.com/bot.html)"
223.186.105.42 - - [24/Feb/2017:06:39:35 +0000] "GET /loginInfo.html HTTP/1.1" 200 1021 "-" "Mozilla/5.0 (Linux; Android 6.0.1; SM-G920T Build/MMB29K; wv) AppleWebKit/537.36 (KHTML, like Gecko) Version/4.0 Chrome/56.0.2924.87 Mobile Safari/537.36"
108.162.221.20 - - [24/Feb/2017:06:46:28 +0000] "GET /registration.php HTTP/1.1" 200 722 "-" "Mozilla/5.0 (compatible; Googlebot/2.1; +http://www.google.com/bot.html)"
27.34.253.40 - - [24/Feb/2017:07:02:57 +0000] "GET /buttons.php?type=JSON HTTP/1.1" 200 929 "-" "Dalvik/2.1.0 (Linux; U; Android 6.0.1; Redmi 3S MIUI/V8.1.1.0.MALMIDI)"
27.34.253.40 - - [24/Feb/2017:07:02:57 +0000] "GET /postsData.php HTTP/1.1" 200 614 "-" "Dalvik/2.1.0 (Linux; U; Android 6.0.1; Redmi 3S MIUI/V8.1.1.0.MALMIDI)"
27.34.253.40 - - [24/Feb/2017:07:02:57 +0000] "GET /Logo_img_url.jpg HTTP/1.1" 304 182 "-" "Dalvik/2.1.0 (Linux; U; Android 6.0.1; Redmi 3S MIUI/V8.1.1.0.MALMIDI)"
27.34.253.40 - - [24/Feb/2017:07:02:57 +0000] "GET /Logo_img_url.jpg HTTP/1.1" 304 182 "-" "Dalvik/2.1.0 (Linux; U; Android 6.0.1; Redmi 3S MIUI/V8.1.1.0.MALMIDI)"
141.101.69.73 - - [24/Feb/2017:07:03:33 +0000] "GET /scripts.php HTTP/1.1" 404 511 "-" "Mozilla/5.0 (compatible; AhrefsBot/5.2; +http://ahrefs.com/robot/)"
162.158.58.79 - - [24/Feb/2017:07:06:14 +0000] "GET / HTTP/1.1" 200 5002 "-" "YisouSpider"
27.34.253.40 - - [24/Feb/2017:07:06:56 +0000] "GET /buttons.php?type=JSON HTTP/1.1" 200 929 "-" "Dalvik/2.1.0 (Linux; U; Android 6.0.1; Redmi 3S MIUI/V8.1.1.0.MALMIDI)"
27.34.253.40 - - [24/Feb/2017:07:07:02 +0000] "GET /Logo_img_url.jpg HTTP/1.1" 304 183 "-" "Dalvik/2.1.0 (Linux; U; Android 6.0.1; Redmi 3S MIUI/V8.1.1.0.MALMIDI)"
27.34.253.40 - - [24/Feb/2017:07:07:07 +0000] "GET /buttons.php?type=JSON HTTP/1.1" 200 929 "-" "Dalvik/2.1.0 (Linux; U; Android 6.0.1; Redmi 3S MIUI/V8.1.1.0.MALMIDI)"
27.34.253.40 - - [24/Feb/2017:07:07:11 +0000] "GET /buttons.php?type=JSON HTTP/1.1" 200 929 "-" "Dalvik/2.1.0 (Linux; U; Android 6.0.1; Redmi 3S MIUI/V8.1.1.0.MALMIDI)"
27.34.253.40 - - [24/Feb/2017:07:07:11 +0000] "GET /postsData.php HTTP/1.1" 200 614 "-" "Dalvik/2.1.0 (Linux; U; Android 6.0.1; Redmi 3S MIUI/V8.1.1.0.MALMIDI)"
27.34.253.40 - - [24/Feb/2017:07:07:11 +0000] "GET /Logo_img_url.jpg HTTP/1.1" 304 182 "-" "Dalvik/2.1.0 (Linux; U; Android 6.0.1; Redmi 3S MIUI/V8.1.1.0.MALMIDI)"
27.34.253.40 - - [24/Feb/2017:07:07:11 +0000] "GET /Logo_img_url.jpg HTTP/1.1" 304 182 "-" "Dalvik/2.1.0 (Linux; U; Android 6.0.1; Redmi 3S MIUI/V8.1.1.0.MALMIDI)"
27.34.253.40 - - [24/Feb/2017:07:07:20 +0000] "GET /buttons.php?type=JSON HTTP/1.1" 200 929 "-" "Dalvik/2.1.0 (Linux; U; Android 6.0.1; Redmi 3S MIUI/V8.1.1.0.MALMIDI)"
27.34.253.40 - - [24/Feb/2017:07:07:27 +0000] "GET /postsData.php HTTP/1.1" 200 614 "-" "Dalvik/2.1.0 (Linux; U; Android 6.0.1; Redmi 3S MIUI/V8.1.1.0.MALMIDI)"
27.34.253.40 - - [24/Feb/2017:07:07:27 +0000] "GET /buttons.php?type=JSON HTTP/1.1" 200 929 "-" "Dalvik/2.1.0 (Linux; U; Android 6.0.1; Redmi 3S MIUI/V8.1.1.0.MALMIDI)"
27.34.253.40 - - [24/Feb/2017:07:07:27 +0000] "GET /Logo_img_url.jpg HTTP/1.1" 304 182 "-" "Dalvik/2.1.0 (Linux; U; Android 6.0.1; Redmi 3S MIUI/V8.1.1.0.MALMIDI)"
27.34.253.40 - - [24/Feb/2017:07:07:27 +0000] "GET /Logo_img_url.jpg HTTP/1.1" 304 182 "-" "Dalvik/2.1.0 (Linux; U; Android 6.0.1; Redmi 3S MIUI/V8.1.1.0.MALMIDI)"
108.162.245.74 - - [24/Feb/2017:07:37:21 +0000] "GET / HTTP/1.1" 200 5002 "-" "Mozilla/5.0 (compatible; bingbot/2.0; +http://www.bing.com/bingbot.htm)"
108.162.221.158 - - [24/Feb/2017:07:47:37 +0000] "GET /updatePage.php HTTP/1.1" 200 989 "-" "Mozilla/5.0 (compatible; Googlebot/2.1; +http://www.google.com/bot.html)"
108.162.222.206 - - [24/Feb/2017:08:14:25 +0000] "GET /index.html HTTP/1.1" 200 5002 "-" "Mozilla/5.0 (compatible; Baiduspider/2.0; +http://www.baidu.com/search/spider.html)"
108.162.222.206 - - [24/Feb/2017:08:14:25 +0000] "GET / HTTP/1.1" 200 5002 "-" "Mozilla/5.0 (compatible; Baiduspider/2.0; +http://www.baidu.com/search/spider.html)"
27.34.253.40 - - [24/Feb/2017:08:16:21 +0000] "GET /buttons.php?type=JSON HTTP/1.1" 200 929 "-" "Dalvik/2.1.0 (Linux; U; Android 6.0.1; Redmi 3S MIUI/V8.1.1.0.MALMIDI)"
27.34.253.40 - - [24/Feb/2017:08:16:40 +0000] "GET /postsData.php HTTP/1.1" 200 614 "-" "Dalvik/2.1.0 (Linux; U; Android 6.0.1; Redmi 3S MIUI/V8.1.1.0.MALMIDI)"
27.34.253.40 - - [24/Feb/2017:08:16:40 +0000] "GET /buttons.php?type=JSON HTTP/1.1" 200 929 "-" "Dalvik/2.1.0 (Linux; U; Android 6.0.1; Redmi 3S MIUI/V8.1.1.0.MALMIDI)"
27.34.253.40 - - [24/Feb/2017:08:16:40 +0000] "GET /Logo_img_url.jpg HTTP/1.1" 304 182 "-" "Dalvik/2.1.0 (Linux; U; Android 6.0.1; Redmi 3S MIUI/V8.1.1.0.MALMIDI)"
27.34.253.40 - - [24/Feb/2017:08:16:40 +0000] "GET /Logo_img_url.jpg HTTP/1.1" 304 182 "-" "Dalvik/2.1.0 (Linux; U; Android 6.0.1; Redmi 3S MIUI/V8.1.1.0.MALMIDI)"
151.80.39.169 - - [24/Feb/2017:08:17:52 +0000] "GET /robots.txt HTTP/1.1" 404 450 "-" "Mozilla/5.0 (compatible; AhrefsBot/5.2; +http://ahrefs.com/robot/)"
164.132.161.11 - - [24/Feb/2017:08:17:52 +0000] "GET / HTTP/1.1" 200 3469 "-" "Mozilla/5.0 (compatible; AhrefsBot/5.2; +http://ahrefs.com/robot/)"
108.162.246.51 - - [24/Feb/2017:08:23:02 +0000] "GET /email.php HTTP/1.1" 200 863 "-" "Mozilla/5.0 (compatible; bingbot/2.0; +http://www.bing.com/bingbot.htm)"
162.158.79.183 - - [24/Feb/2017:08:24:08 +0000] "GET /robots.txt HTTP/1.1" 404 510 "-" "Mozilla/5.0 (compatible; SemrushBot/1.2~bl; +http://www.semrush.com/bot.html)"
162.158.78.116 - - [24/Feb/2017:08:29:24 +0000] "GET /robots.txt HTTP/1.1" 404 508 "-" "Mozilla/5.0 (compatible; SemrushBot/1.2~bl; +http://www.semrush.com/bot.html)"
108.162.215.56 - - [24/Feb/2017:08:32:12 +0000] "GET / HTTP/1.1" 200 5002 "-" "YisouSpider"
162.158.69.31 - - [24/Feb/2017:08:42:45 +0000] "GET /wp-login.php HTTP/1.1" 404 508 "-" "Mozilla/5.0 (compatible; MSIE 9.0; Windows NT 6.1; Trident/5.0)"
162.158.69.31 - - [24/Feb/2017:08:42:45 +0000] "GET //wp-login.php HTTP/1.1" 404 507 "-" "Mozilla/5.0 (compatible; MSIE 9.0; Windows NT 6.1; Trident/5.0)"
162.158.79.99 - - [24/Feb/2017:08:43:41 +0000] "GET / HTTP/1.1" 200 5002 "-" "Mozilla/5.0 (Windows NT 10.0; WOW64) AppleWebKit/537.36 (KHTML, like Gecko) Chrome/52.0.2743.116 Safari/537.36"
27.34.253.40 - - [24/Feb/2017:08:57:12 +0000] "GET /postsData.php HTTP/1.1" 200 614 "-" "Dalvik/2.1.0 (Linux; U; Android 6.0.1; Redmi 3S MIUI/V8.1.1.0.MALMIDI)"
27.34.253.40 - - [24/Feb/2017:08:57:12 +0000] "GET /buttons.php?type=JSON HTTP/1.1" 200 929 "-" "Dalvik/2.1.0 (Linux; U; Android 6.0.1; Redmi 3S MIUI/V8.1.1.0.MALMIDI)"
162.158.78.182 - - [24/Feb/2017:09:01:51 +0000] "GET /robots.txt HTTP/1.1" 404 504 "-" "Mozilla/5.0 (compatible; SemrushBot/1.2~bl; +http://www.semrush.com/bot.html)"
52.34.227.110 - - [24/Feb/2017:09:10:24 +0000] "GET / HTTP/1.0" 200 4965 "-" "-"
108.162.246.93 - - [24/Feb/2017:09:16:43 +0000] "GET /robots.txt HTTP/1.1" 404 510 "-" "Mozilla/5.0 (compatible; Googlebot/2.1; +http://www.google.com/bot.html)"
108.162.245.230 - - [24/Feb/2017:09:16:43 +0000] "GET / HTTP/1.1" 200 5002 "-" "Mozilla/5.0 (compatible; Googlebot/2.1; +http://www.google.com/bot.html)"
162.158.178.19 - - [24/Feb/2017:09:21:22 +0000] "GET /event_desc.php HTTP/1.1" 200 821 "-" "Mozilla/5.0 (compatible; Baiduspider/2.0; +http://www.baidu.com/search/spider.html)"
162.158.69.241 - - [24/Feb/2017:09:24:18 +0000] "GET /index.html HTTP/1.1" 304 182 "-" "Mozilla/5.0 (compatible; Googlebot/2.1; +http://www.google.com/bot.html)"
27.34.253.40 - - [24/Feb/2017:09:40:58 +0000] "GET /buttons.php?type=JSON HTTP/1.1" 200 929 "-" "Dalvik/2.1.0 (Linux; U; Android 6.0.1; Redmi 3S MIUI/V8.1.1.0.MALMIDI)"
27.34.253.40 - - [24/Feb/2017:09:41:10 +0000] "GET /Logo_img_url.jpg HTTP/1.1" 304 183 "-" "Dalvik/2.1.0 (Linux; U; Android 6.0.1; Redmi 3S MIUI/V8.1.1.0.MALMIDI)"
27.34.253.40 - - [24/Feb/2017:09:41:18 +0000] "GET /postsData.php HTTP/1.1" 200 614 "-" "Dalvik/2.1.0 (Linux; U; Android 6.0.1; Redmi 3S MIUI/V8.1.1.0.MALMIDI)"
108.162.222.206 - - [24/Feb/2017:09:51:03 +0000] "GET /updateDateTime.php HTTP/1.1" 200 719 "-" "Mozilla/5.0 (compatible; Baiduspider/2.0; +http://www.baidu.com/search/spider.html)"
162.158.46.14 - - [24/Feb/2017:10:01:39 +0000] "GET / HTTP/1.1" 200 5002 "http://1-free-share-buttons.com" "Mozilla/5.0 (Windows NT 6.1; WOW64) AppleWebKit/537.36 (KHTML, like Gecko) Chrome/36.0.1985.143 Safari/537.36"
162.158.46.44 - - [24/Feb/2017:10:01:40 +0000] "GET /css/bootstrap.min.css HTTP/1.1" 200 20089 "http://hitslead.com/" "Mozilla/5.0 (Windows NT 6.1; WOW64) AppleWebKit/537.36 (KHTML, like Gecko) Chrome/36.0.1985.143 Safari/537.36"
162.158.46.50 - - [24/Feb/2017:10:01:40 +0000] "GET /css/style.css HTTP/1.1" 200 4575 "http://hitslead.com/" "Mozilla/5.0 (Windows NT 6.1; WOW64) AppleWebKit/537.36 (KHTML, like Gecko) Chrome/36.0.1985.143 Safari/537.36"
162.158.46.86 - - [24/Feb/2017:10:01:40 +0000] "GET /css/material-design-iconic-font.min.css HTTP/1.1" 200 8346 "http://hitslead.com/" "Mozilla/5.0 (Windows NT 6.1; WOW64) AppleWebKit/537.36 (KHTML, like Gecko) Chrome/36.0.1985.143 Safari/537.36"
162.158.46.14 - - [24/Feb/2017:10:01:40 +0000] "GET /css/jquery.fullPage.css HTTP/1.1" 200 1692 "http://hitslead.com/" "Mozilla/5.0 (Windows NT 6.1; WOW64) AppleWebKit/537.36 (KHTML, like Gecko) Chrome/36.0.1985.143 Safari/537.36"
162.158.46.50 - - [24/Feb/2017:10:01:40 +0000] "GET /assets/js/gmaps.min.js HTTP/1.1" 404 515 "http://hitslead.com/" "Mozilla/5.0 (Windows NT 6.1; WOW64) AppleWebKit/537.36 (KHTML, like Gecko) Chrome/36.0.1985.143 Safari/537.36"
162.158.46.74 - - [24/Feb/2017:10:01:40 +0000] "GET /css/ionicons.min.css HTTP/1.1" 200 8629 "http://hitslead.com/" "Mozilla/5.0 (Windows NT 6.1; WOW64) AppleWebKit/537.36 (KHTML, like Gecko) Chrome/36.0.1985.143 Safari/537.36"
162.158.46.38 - - [24/Feb/2017:10:01:41 +0000] "GET /js/jquery-2.1.4.min.js HTTP/1.1" 200 29886 "http://hitslead.com/" "Mozilla/5.0 (Windows NT 6.1; WOW64) AppleWebKit/537.36 (KHTML, like Gecko) Chrome/36.0.1985.143 Safari/537.36"
162.158.46.14 - - [24/Feb/2017:10:01:41 +0000] "GET /js/plugin.js HTTP/1.1" 200 10928 "http://hitslead.com/" "Mozilla/5.0 (Windows NT 6.1; WOW64) AppleWebKit/537.36 (KHTML, like Gecko) Chrome/36.0.1985.143 Safari/537.36"
162.158.46.38 - - [24/Feb/2017:10:01:42 +0000] "GET /js/bootstrap.min.js HTTP/1.1" 200 10188 "http://hitslead.com/" "Mozilla/5.0 (Windows NT 6.1; WOW64) AppleWebKit/537.36 (KHTML, like Gecko) Chrome/36.0.1985.143 Safari/537.36"
162.158.46.62 - - [24/Feb/2017:10:01:43 +0000] "GET /js/animated.js HTTP/1.1" 200 1872 "http://hitslead.com/" "Mozilla/5.0 (Windows NT 6.1; WOW64) AppleWebKit/537.36 (KHTML, like Gecko) Chrome/36.0.1985.143 Safari/537.36"
162.158.46.68 - - [24/Feb/2017:10:01:44 +0000] "GET /js/jquery.waypoints.js HTTP/1.1" 200 3951 "http://hitslead.com/" "Mozilla/5.0 (Windows NT 6.1; WOW64) AppleWebKit/537.36 (KHTML, like Gecko) Chrome/36.0.1985.143 Safari/537.36"
162.158.46.92 - - [24/Feb/2017:10:01:45 +0000] "GET /js/jquery.counterup.min.js HTTP/1.1" 200 927 "http://hitslead.com/" "Mozilla/5.0 (Windows NT 6.1; WOW64) AppleWebKit/537.36 (KHTML, like Gecko) Chrome/36.0.1985.143 Safari/537.36"
162.158.46.44 - - [24/Feb/2017:10:01:45 +0000] "GET /js/jquery.ajaxchimp.js HTTP/1.1" 200 1913 "http://hitslead.com/" "Mozilla/5.0 (Windows NT 6.1; WOW64) AppleWebKit/537.36 (KHTML, like Gecko) Chrome/36.0.1985.143 Safari/537.36"
162.158.46.26 - - [24/Feb/2017:10:01:46 +0000] "GET /js/easypiechart.js HTTP/1.1" 200 3129 "http://hitslead.com/" "Mozilla/5.0 (Windows NT 6.1; WOW64) AppleWebKit/537.36 (KHTML, like Gecko) Chrome/36.0.1985.143 Safari/537.36"
162.158.46.44 - - [24/Feb/2017:10:01:46 +0000] "GET /js/jquery.easings.min.js HTTP/1.1" 200 5443 "http://hitslead.com/" "Mozilla/5.0 (Windows NT 6.1; WOW64) AppleWebKit/537.36 (KHTML, like Gecko) Chrome/36.0.1985.143 Safari/537.36"
162.158.46.26 - - [24/Feb/2017:10:01:46 +0000] "GET /js/jquery.fullPage.js HTTP/1.1" 200 24329 "http://hitslead.com/" "Mozilla/5.0 (Windows NT 6.1; WOW64) AppleWebKit/537.36 (KHTML, like Gecko) Chrome/36.0.1985.143 Safari/537.36"
162.158.46.32 - - [24/Feb/2017:10:01:46 +0000] "GET /js/TimeCircles.js HTTP/1.1" 200 6754 "http://hitslead.com/" "Mozilla/5.0 (Windows NT 6.1; WOW64) AppleWebKit/537.36 (KHTML, like Gecko) Chrome/36.0.1985.143 Safari/537.36"
162.158.46.20 - - [24/Feb/2017:10:01:46 +0000] "GET /js/parsley.min.js HTTP/1.1" 200 11623 "http://hitslead.com/" "Mozilla/5.0 (Windows NT 6.1; WOW64) AppleWebKit/537.36 (KHTML, like Gecko) Chrome/36.0.1985.143 Safari/537.36"
162.158.46.68 - - [24/Feb/2017:10:01:46 +0000] "GET /js/custom.js HTTP/1.1" 200 3474 "http://hitslead.com/" "Mozilla/5.0 (Windows NT 6.1; WOW64) AppleWebKit/537.36 (KHTML, like Gecko) Chrome/36.0.1985.143 Safari/537.36"
162.158.46.68 - - [24/Feb/2017:10:01:46 +0000] "GET /images/bgi4.jpg HTTP/1.1" 200 587166 "http://hitslead.com/" "Mozilla/5.0 (Windows NT 6.1; WOW64) AppleWebKit/537.36 (KHTML, like Gecko) Chrome/36.0.1985.143 Safari/537.36"
162.158.46.8 - - [24/Feb/2017:10:01:46 +0000] "GET /images/logo.png HTTP/1.1" 200 344217 "http://hitslead.com/" "Mozilla/5.0 (Windows NT 6.1; WOW64) AppleWebKit/537.36 (KHTML, like Gecko) Chrome/36.0.1985.143 Safari/537.36"
162.158.46.56 - - [24/Feb/2017:10:01:46 +0000] "GET /images/bgi1.jpg HTTP/1.1" 200 916872 "http://hitslead.com/" "Mozilla/5.0 (Windows NT 6.1; WOW64) AppleWebKit/537.36 (KHTML, like Gecko) Chrome/36.0.1985.143 Safari/537.36"
162.158.46.32 - - [24/Feb/2017:10:01:47 +0000] "GET /images/bgi2.jpg HTTP/1.1" 200 97567 "http://hitslead.com/" "Mozilla/5.0 (Windows NT 6.1; WOW64) AppleWebKit/537.36 (KHTML, like Gecko) Chrome/36.0.1985.143 Safari/537.36"
162.158.46.62 - - [24/Feb/2017:10:01:47 +0000] "GET /images/bgi3.jpg HTTP/1.1" 200 514539 "http://hitslead.com/" "Mozilla/5.0 (Windows NT 6.1; WOW64) AppleWebKit/537.36 (KHTML, like Gecko) Chrome/36.0.1985.143 Safari/537.36"
162.158.46.74 - - [24/Feb/2017:10:01:48 +0000] "GET /images/bgi5.jpg HTTP/1.1" 200 587167 "http://hitslead.com/" "Mozilla/5.0 (Windows NT 6.1; WOW64) AppleWebKit/537.36 (KHTML, like Gecko) Chrome/36.0.1985.143 Safari/537.36"
::1 - - [24/Feb/2017:10:01:51 +0000] "OPTIONS * HTTP/1.0" 200 126 "-" "Apache/2.4.18 (Ubuntu) (internal dummy connection)"
::1 - - [24/Feb/2017:10:01:52 +0000] "OPTIONS * HTTP/1.0" 200 126 "-" "Apache/2.4.18 (Ubuntu) (internal dummy connection)"
::1 - - [24/Feb/2017:10:01:53 +0000] "OPTIONS * HTTP/1.0" 200 126 "-" "Apache/2.4.18 (Ubuntu) (internal dummy connection)"
::1 - - [24/Feb/2017:10:01:54 +0000] "OPTIONS * HTTP/1.0" 200 126 "-" "Apache/2.4.18 (Ubuntu) (internal dummy connection)"
::1 - - [24/Feb/2017:10:01:55 +0000] "OPTIONS * HTTP/1.0" 200 126 "-" "Apache/2.4.18 (Ubuntu) (internal dummy connection)"
::1 - - [24/Feb/2017:10:01:56 +0000] "OPTIONS * HTTP/1.0" 200 126 "-" "Apache/2.4.18 (Ubuntu) (internal dummy connection)"
::1 - - [24/Feb/2017:10:01:57 +0000] "OPTIONS * HTTP/1.0" 200 126 "-" "Apache/2.4.18 (Ubuntu) (internal dummy connection)"
::1 - - [24/Feb/2017:10:01:58 +0000] "OPTIONS * HTTP/1.0" 200 126 "-" "Apache/2.4.18 (Ubuntu) (internal dummy connection)"
172.68.10.248 - - [24/Feb/2017:10:22:37 +0000] "GET / HTTP/1.1" 200 5002 "-" "Mozilla/5.0 (compatible; YandexBot/3.0; +http://yandex.com/bots)"
157.49.1.218 - - [24/Feb/2017:10:27:06 +0000] "GET /postsData.php HTTP/1.1" 200 614 "-" "Dalvik/2.1.0 (Linux; U; Android 6.0.1; Le X821 Build/FGXOSOP5801910121S)"
157.49.1.218 - - [24/Feb/2017:10:27:06 +0000] "GET /buttons.php?type=JSON HTTP/1.1" 200 929 "-" "Dalvik/2.1.0 (Linux; U; Android 6.0.1; Le X821 Build/FGXOSOP5801910121S)"
157.49.1.218 - - [24/Feb/2017:10:27:07 +0000] "GET /Logo_img_url.jpg HTTP/1.1" 304 182 "-" "Dalvik/2.1.0 (Linux; U; Android 6.0.1; Le X821 Build/FGXOSOP5801910121S)"
157.49.1.218 - - [24/Feb/2017:10:27:07 +0000] "GET /Logo_img_url.jpg HTTP/1.1" 304 182 "-" "Dalvik/2.1.0 (Linux; U; Android 6.0.1; Le X821 Build/FGXOSOP5801910121S)"
141.101.69.37 - - [24/Feb/2017:10:34:54 +0000] "GET /rotator.php HTTP/1.1" 404 505 "-" "Mozilla/5.0 (compatible; AhrefsBot/5.2; +http://ahrefs.com/robot/)"
108.162.215.56 - - [24/Feb/2017:10:38:20 +0000] "GET / HTTP/1.1" 200 5002 "-" "YisouSpider"
49.207.52.58 - - [24/Feb/2017:10:39:09 +0000] "GET / HTTP/1.1" 200 5002 "-" "Mozilla/5.0 (Windows NT 10.0; WOW64) AppleWebKit/537.36 (KHTML, like Gecko) Chrome/56.0.2924.87 Safari/537.36"
49.207.52.58 - - [24/Feb/2017:10:39:10 +0000] "GET /css/material-design-iconic-font.min.css HTTP/1.1" 200 8346 "http://interrupt.tk/" "Mozilla/5.0 (Windows NT 10.0; WOW64) AppleWebKit/537.36 (KHTML, like Gecko) Chrome/56.0.2924.87 Safari/537.36"
49.207.52.58 - - [24/Feb/2017:10:39:10 +0000] "GET /css/ionicons.min.css HTTP/1.1" 200 8629 "http://interrupt.tk/" "Mozilla/5.0 (Windows NT 10.0; WOW64) AppleWebKit/537.36 (KHTML, like Gecko) Chrome/56.0.2924.87 Safari/537.36"
49.207.52.58 - - [24/Feb/2017:10:39:10 +0000] "GET /css/bootstrap.min.css HTTP/1.1" 200 20088 "http://interrupt.tk/" "Mozilla/5.0 (Windows NT 10.0; WOW64) AppleWebKit/537.36 (KHTML, like Gecko) Chrome/56.0.2924.87 Safari/537.36"
49.207.52.58 - - [24/Feb/2017:10:39:10 +0000] "GET /css/jquery.fullPage.css HTTP/1.1" 200 1692 "http://interrupt.tk/" "Mozilla/5.0 (Windows NT 10.0; WOW64) AppleWebKit/537.36 (KHTML, like Gecko) Chrome/56.0.2924.87 Safari/537.36"
49.207.52.58 - - [24/Feb/2017:10:39:10 +0000] "GET /css/style.css HTTP/1.1" 200 4574 "http://interrupt.tk/" "Mozilla/5.0 (Windows NT 10.0; WOW64) AppleWebKit/537.36 (KHTML, like Gecko) Chrome/56.0.2924.87 Safari/537.36"
49.207.52.58 - - [24/Feb/2017:10:39:11 +0000] "GET /js/jquery-2.1.4.min.js HTTP/1.1" 200 29885 "http://interrupt.tk/" "Mozilla/5.0 (Windows NT 10.0; WOW64) AppleWebKit/537.36 (KHTML, like Gecko) Chrome/56.0.2924.87 Safari/537.36"
49.207.52.58 - - [24/Feb/2017:10:39:11 +0000] "GET /assets/js/gmaps.min.js HTTP/1.1" 404 514 "http://interrupt.tk/" "Mozilla/5.0 (Windows NT 10.0; WOW64) AppleWebKit/537.36 (KHTML, like Gecko) Chrome/56.0.2924.87 Safari/537.36"
49.207.52.58 - - [24/Feb/2017:10:39:11 +0000] "GET /js/plugin.js HTTP/1.1" 200 10928 "http://interrupt.tk/" "Mozilla/5.0 (Windows NT 10.0; WOW64) AppleWebKit/537.36 (KHTML, like Gecko) Chrome/56.0.2924.87 Safari/537.36"
49.207.52.58 - - [24/Feb/2017:10:39:11 +0000] "GET /js/animated.js HTTP/1.1" 200 1872 "http://interrupt.tk/" "Mozilla/5.0 (Windows NT 10.0; WOW64) AppleWebKit/537.36 (KHTML, like Gecko) Chrome/56.0.2924.87 Safari/537.36"
49.207.52.58 - - [24/Feb/2017:10:39:11 +0000] "GET /js/bootstrap.min.js HTTP/1.1" 200 10187 "http://interrupt.tk/" "Mozilla/5.0 (Windows NT 10.0; WOW64) AppleWebKit/537.36 (KHTML, like Gecko) Chrome/56.0.2924.87 Safari/537.36"
49.207.52.58 - - [24/Feb/2017:10:39:11 +0000] "GET /js/jquery.waypoints.js HTTP/1.1" 200 3950 "http://interrupt.tk/" "Mozilla/5.0 (Windows NT 10.0; WOW64) AppleWebKit/537.36 (KHTML, like Gecko) Chrome/56.0.2924.87 Safari/537.36"
49.207.52.58 - - [24/Feb/2017:10:39:11 +0000] "GET /js/jquery.counterup.min.js HTTP/1.1" 200 926 "http://interrupt.tk/" "Mozilla/5.0 (Windows NT 10.0; WOW64) AppleWebKit/537.36 (KHTML, like Gecko) Chrome/56.0.2924.87 Safari/537.36"
49.207.52.58 - - [24/Feb/2017:10:39:11 +0000] "GET /images/bgi1.jpg HTTP/1.1" 200 110352 "http://interrupt.tk/css/style.css" "Mozilla/5.0 (Windows NT 10.0; WOW64) AppleWebKit/537.36 (KHTML, like Gecko) Chrome/56.0.2924.87 Safari/537.36"
49.207.52.58 - - [24/Feb/2017:10:39:11 +0000] "GET /js/jquery.ajaxchimp.js HTTP/1.1" 200 1912 "http://interrupt.tk/" "Mozilla/5.0 (Windows NT 10.0; WOW64) AppleWebKit/537.36 (KHTML, like Gecko) Chrome/56.0.2924.87 Safari/537.36"
49.207.52.58 - - [24/Feb/2017:10:39:11 +0000] "GET /images/bgi2.jpg HTTP/1.1" 200 97566 "http://interrupt.tk/css/style.css" "Mozilla/5.0 (Windows NT 10.0; WOW64) AppleWebKit/537.36 (KHTML, like Gecko) Chrome/56.0.2924.87 Safari/537.36"
49.207.52.58 - - [24/Feb/2017:10:39:11 +0000] "GET /js/easypiechart.js HTTP/1.1" 200 3128 "http://interrupt.tk/" "Mozilla/5.0 (Windows NT 10.0; WOW64) AppleWebKit/537.36 (KHTML, like Gecko) Chrome/56.0.2924.87 Safari/537.36"
49.207.52.58 - - [24/Feb/2017:10:39:11 +0000] "GET /images/bgi3.jpg HTTP/1.1" 200 514538 "http://interrupt.tk/css/style.css" "Mozilla/5.0 (Windows NT 10.0; WOW64) AppleWebKit/537.36 (KHTML, like Gecko) Chrome/56.0.2924.87 Safari/537.36"
49.207.52.58 - - [24/Feb/2017:10:39:11 +0000] "GET /images/logo.png HTTP/1.1" 200 344217 "http://interrupt.tk/" "Mozilla/5.0 (Windows NT 10.0; WOW64) AppleWebKit/537.36 (KHTML, like Gecko) Chrome/56.0.2924.87 Safari/537.36"
49.207.52.58 - - [24/Feb/2017:10:39:12 +0000] "GET /assets/js/gmaps.min.js HTTP/1.1" 404 514 "http://interrupt.tk/" "Mozilla/5.0 (Windows NT 10.0; WOW64) AppleWebKit/537.36 (KHTML, like Gecko) Chrome/56.0.2924.87 Safari/537.36"
49.207.52.58 - - [24/Feb/2017:10:39:12 +0000] "GET /js/jquery.easings.min.js HTTP/1.1" 200 5442 "http://interrupt.tk/" "Mozilla/5.0 (Windows NT 10.0; WOW64) AppleWebKit/537.36 (KHTML, like Gecko) Chrome/56.0.2924.87 Safari/537.36"
49.207.52.58 - - [24/Feb/2017:10:39:12 +0000] "GET /js/jquery.fullPage.js HTTP/1.1" 200 24328 "http://interrupt.tk/" "Mozilla/5.0 (Windows NT 10.0; WOW64) AppleWebKit/537.36 (KHTML, like Gecko) Chrome/56.0.2924.87 Safari/537.36"
49.207.52.58 - - [24/Feb/2017:10:39:12 +0000] "GET /js/TimeCircles.js HTTP/1.1" 200 6754 "http://interrupt.tk/" "Mozilla/5.0 (Windows NT 10.0; WOW64) AppleWebKit/537.36 (KHTML, like Gecko) Chrome/56.0.2924.87 Safari/537.36"
49.207.52.58 - - [24/Feb/2017:10:39:12 +0000] "GET /js/parsley.min.js HTTP/1.1" 200 11622 "http://interrupt.tk/" "Mozilla/5.0 (Windows NT 10.0; WOW64) AppleWebKit/537.36 (KHTML, like Gecko) Chrome/56.0.2924.87 Safari/537.36"
49.207.52.58 - - [24/Feb/2017:10:39:12 +0000] "GET /js/custom.js HTTP/1.1" 200 3473 "http://interrupt.tk/" "Mozilla/5.0 (Windows NT 10.0; WOW64) AppleWebKit/537.36 (KHTML, like Gecko) Chrome/56.0.2924.87 Safari/537.36"
49.207.52.58 - - [24/Feb/2017:10:39:12 +0000] "GET /images/bgi5.jpg HTTP/1.1" 200 81312 "http://interrupt.tk/css/style.css" "Mozilla/5.0 (Windows NT 10.0; WOW64) AppleWebKit/537.36 (KHTML, like Gecko) Chrome/56.0.2924.87 Safari/537.36"
49.207.52.58 - - [24/Feb/2017:10:39:12 +0000] "GET /images/bgi4.jpg HTTP/1.1" 200 110352 "http://interrupt.tk/css/style.css" "Mozilla/5.0 (Windows NT 10.0; WOW64) AppleWebKit/537.36 (KHTML, like Gecko) Chrome/56.0.2924.87 Safari/537.36"
49.207.52.58 - - [24/Feb/2017:10:39:12 +0000] "GET /images/favicon.ico HTTP/1.1" 200 744970 "http://interrupt.tk/" "Mozilla/5.0 (Windows NT 10.0; WOW64) AppleWebKit/537.36 (KHTML, like Gecko) Chrome/56.0.2924.87 Safari/537.36"
141.101.105.16 - - [24/Feb/2017:10:53:40 +0000] "GET / HTTP/1.1" 200 5002 "-" "Mozilla/5.0 (Windows NT 6.1; WOW64) AppleWebKit/537.36 (KHTML, like Gecko) Chrome/56.0.2924.87 Safari/537.36"
141.101.76.224 - - [24/Feb/2017:10:53:41 +0000] "GET /css/bootstrap.min.css HTTP/1.1" 200 20089 "http://spinmyads.com/" "Mozilla/5.0 (Windows NT 6.1; WOW64) AppleWebKit/537.36 (KHTML, like Gecko) Chrome/56.0.2924.87 Safari/537.36"
141.101.104.45 - - [24/Feb/2017:10:53:41 +0000] "GET /css/material-design-iconic-font.min.css HTTP/1.1" 200 8346 "http://spinmyads.com/" "Mozilla/5.0 (Windows NT 6.1; WOW64) AppleWebKit/537.36 (KHTML, like Gecko) Chrome/56.0.2924.87 Safari/537.36"
141.101.105.4 - - [24/Feb/2017:10:53:41 +0000] "GET /css/style.css HTTP/1.1" 200 4575 "http://spinmyads.com/" "Mozilla/5.0 (Windows NT 6.1; WOW64) AppleWebKit/537.36 (KHTML, like Gecko) Chrome/56.0.2924.87 Safari/537.36"
162.158.91.141 - - [24/Feb/2017:10:53:41 +0000] "GET /css/ionicons.min.css HTTP/1.1" 200 8629 "http://spinmyads.com/" "Mozilla/5.0 (Windows NT 6.1; WOW64) AppleWebKit/537.36 (KHTML, like Gecko) Chrome/56.0.2924.87 Safari/537.36"
162.158.90.94 - - [24/Feb/2017:10:53:41 +0000] "GET /css/jquery.fullPage.css HTTP/1.1" 200 1692 "http://spinmyads.com/" "Mozilla/5.0 (Windows NT 6.1; WOW64) AppleWebKit/537.36 (KHTML, like Gecko) Chrome/56.0.2924.87 Safari/537.36"
141.101.104.93 - - [24/Feb/2017:10:53:41 +0000] "GET /js/plugin.js HTTP/1.1" 200 10929 "http://spinmyads.com/" "Mozilla/5.0 (Windows NT 6.1; WOW64) AppleWebKit/537.36 (KHTML, like Gecko) Chrome/56.0.2924.87 Safari/537.36"
141.101.104.111 - - [24/Feb/2017:10:53:41 +0000] "GET /js/jquery-2.1.4.min.js HTTP/1.1" 200 29886 "http://spinmyads.com/" "Mozilla/5.0 (Windows NT 6.1; WOW64) AppleWebKit/537.36 (KHTML, like Gecko) Chrome/56.0.2924.87 Safari/537.36"
162.158.90.130 - - [24/Feb/2017:10:53:41 +0000] "GET /assets/js/gmaps.min.js HTTP/1.1" 404 516 "http://spinmyads.com/" "Mozilla/5.0 (Windows NT 6.1; WOW64) AppleWebKit/537.36 (KHTML, like Gecko) Chrome/56.0.2924.87 Safari/537.36"
141.101.105.70 - - [24/Feb/2017:10:53:41 +0000] "GET /js/animated.js HTTP/1.1" 200 1872 "http://spinmyads.com/" "Mozilla/5.0 (Windows NT 6.1; WOW64) AppleWebKit/537.36 (KHTML, like Gecko) Chrome/56.0.2924.87 Safari/537.36"
162.158.92.92 - - [24/Feb/2017:10:53:41 +0000] "GET /js/bootstrap.min.js HTTP/1.1" 200 10188 "http://spinmyads.com/" "Mozilla/5.0 (Windows NT 6.1; WOW64) AppleWebKit/537.36 (KHTML, like Gecko) Chrome/56.0.2924.87 Safari/537.36"
141.101.76.200 - - [24/Feb/2017:10:53:42 +0000] "GET /js/jquery.counterup.min.js HTTP/1.1" 200 927 "http://spinmyads.com/" "Mozilla/5.0 (Windows NT 6.1; WOW64) AppleWebKit/537.36 (KHTML, like Gecko) Chrome/56.0.2924.87 Safari/537.36"
162.158.89.47 - - [24/Feb/2017:10:53:42 +0000] "GET /js/jquery.waypoints.js HTTP/1.1" 200 3951 "http://spinmyads.com/" "Mozilla/5.0 (Windows NT 6.1; WOW64) AppleWebKit/537.36 (KHTML, like Gecko) Chrome/56.0.2924.87 Safari/537.36"
141.101.76.122 - - [24/Feb/2017:10:53:43 +0000] "GET /js/jquery.ajaxchimp.js HTTP/1.1" 200 1913 "http://spinmyads.com/" "Mozilla/5.0 (Windows NT 6.1; WOW64) AppleWebKit/537.36 (KHTML, like Gecko) Chrome/56.0.2924.87 Safari/537.36"
162.158.92.182 - - [24/Feb/2017:10:53:43 +0000] "GET /js/easypiechart.js HTTP/1.1" 200 3129 "http://spinmyads.com/" "Mozilla/5.0 (Windows NT 6.1; WOW64) AppleWebKit/537.36 (KHTML, like Gecko) Chrome/56.0.2924.87 Safari/537.36"
141.101.105.130 - - [24/Feb/2017:10:53:43 +0000] "GET /js/jquery.easings.min.js HTTP/1.1" 200 5443 "http://spinmyads.com/" "Mozilla/5.0 (Windows NT 6.1; WOW64) AppleWebKit/537.36 (KHTML, like Gecko) Chrome/56.0.2924.87 Safari/537.36"
162.158.90.70 - - [24/Feb/2017:10:53:43 +0000] "GET /js/jquery.fullPage.js HTTP/1.1" 200 24329 "http://spinmyads.com/" "Mozilla/5.0 (Windows NT 6.1; WOW64) AppleWebKit/537.36 (KHTML, like Gecko) Chrome/56.0.2924.87 Safari/537.36"
162.158.89.77 - - [24/Feb/2017:10:53:44 +0000] "GET /js/parsley.min.js HTTP/1.1" 200 11623 "http://spinmyads.com/" "Mozilla/5.0 (Windows NT 6.1; WOW64) AppleWebKit/537.36 (KHTML, like Gecko) Chrome/56.0.2924.87 Safari/537.36"
141.101.76.128 - - [24/Feb/2017:10:53:44 +0000] "GET /js/TimeCircles.js HTTP/1.1" 200 6754 "http://spinmyads.com/" "Mozilla/5.0 (Windows NT 6.1; WOW64) AppleWebKit/537.36 (KHTML, like Gecko) Chrome/56.0.2924.87 Safari/537.36"
141.101.76.86 - - [24/Feb/2017:10:53:44 +0000] "GET /js/custom.js HTTP/1.1" 200 3474 "http://spinmyads.com/" "Mozilla/5.0 (Windows NT 6.1; WOW64) AppleWebKit/537.36 (KHTML, like Gecko) Chrome/56.0.2924.87 Safari/537.36"
141.101.104.123 - - [24/Feb/2017:10:53:44 +0000] "GET /images/logo.png HTTP/1.1" 200 344217 "http://spinmyads.com/" "Mozilla/5.0 (Windows NT 6.1; WOW64) AppleWebKit/537.36 (KHTML, like Gecko) Chrome/56.0.2924.87 Safari/537.36"
141.101.105.166 - - [24/Feb/2017:10:53:45 +0000] "GET /images/bgi2.jpg HTTP/1.1" 200 97567 "http://spinmyads.com/css/style.css" "Mozilla/5.0 (Windows NT 6.1; WOW64) AppleWebKit/537.36 (KHTML, like Gecko) Chrome/56.0.2924.87 Safari/537.36"
141.101.104.249 - - [24/Feb/2017:10:53:45 +0000] "GET /images/bgi3.jpg HTTP/1.1" 200 514539 "http://spinmyads.com/css/style.css" "Mozilla/5.0 (Windows NT 6.1; WOW64) AppleWebKit/537.36 (KHTML, like Gecko) Chrome/56.0.2924.87 Safari/537.36"
162.158.90.250 - - [24/Feb/2017:10:53:45 +0000] "GET /images/bgi5.jpg HTTP/1.1" 200 587167 "http://spinmyads.com/css/style.css" "Mozilla/5.0 (Windows NT 6.1; WOW64) AppleWebKit/537.36 (KHTML, like Gecko) Chrome/56.0.2924.87 Safari/537.36"
162.158.89.251 - - [24/Feb/2017:10:53:45 +0000] "GET /images/bgi1.jpg HTTP/1.1" 200 916872 "http://spinmyads.com/css/style.css" "Mozilla/5.0 (Windows NT 6.1; WOW64) AppleWebKit/537.36 (KHTML, like Gecko) Chrome/56.0.2924.87 Safari/537.36"
162.158.88.240 - - [24/Feb/2017:10:53:45 +0000] "GET /images/bgi4.jpg HTTP/1.1" 200 587167 "http://spinmyads.com/css/style.css" "Mozilla/5.0 (Windows NT 6.1; WOW64) AppleWebKit/537.36 (KHTML, like Gecko) Chrome/56.0.2924.87 Safari/537.36"
::1 - - [24/Feb/2017:10:53:46 +0000] "OPTIONS * HTTP/1.0" 200 126 "-" "Apache/2.4.18 (Ubuntu) (internal dummy connection)"
::1 - - [24/Feb/2017:10:53:47 +0000] "OPTIONS * HTTP/1.0" 200 126 "-" "Apache/2.4.18 (Ubuntu) (internal dummy connection)"
::1 - - [24/Feb/2017:10:53:48 +0000] "OPTIONS * HTTP/1.0" 200 126 "-" "Apache/2.4.18 (Ubuntu) (internal dummy connection)"
::1 - - [24/Feb/2017:10:53:49 +0000] "OPTIONS * HTTP/1.0" 200 126 "-" "Apache/2.4.18 (Ubuntu) (internal dummy connection)"
162.158.91.249 - - [24/Feb/2017:10:53:49 +0000] "GET /images/favicon.ico HTTP/1.1" 200 744971 "http://spinmyads.com/" "Mozilla/5.0 (Windows NT 6.1; WOW64) AppleWebKit/537.36 (KHTML, like Gecko) Chrome/56.0.2924.87 Safari/537.36"
::1 - - [24/Feb/2017:10:53:50 +0000] "OPTIONS * HTTP/1.0" 200 126 "-" "Apache/2.4.18 (Ubuntu) (internal dummy connection)"
::1 - - [24/Feb/2017:10:53:51 +0000] "OPTIONS * HTTP/1.0" 200 126 "-" "Apache/2.4.18 (Ubuntu) (internal dummy connection)"
::1 - - [24/Feb/2017:10:53:52 +0000] "OPTIONS * HTTP/1.0" 200 126 "-" "Apache/2.4.18 (Ubuntu) (internal dummy connection)"
::1 - - [24/Feb/2017:10:53:53 +0000] "OPTIONS * HTTP/1.0" 200 126 "-" "Apache/2.4.18 (Ubuntu) (internal dummy connection)"
::1 - - [24/Feb/2017:10:53:54 +0000] "OPTIONS * HTTP/1.0" 200 126 "-" "Apache/2.4.18 (Ubuntu) (internal dummy connection)"
::1 - - [24/Feb/2017:10:53:55 +0000] "OPTIONS * HTTP/1.0" 200 126 "-" "Apache/2.4.18 (Ubuntu) (internal dummy connection)"
::1 - - [24/Feb/2017:10:53:56 +0000] "OPTIONS * HTTP/1.0" 200 126 "-" "Apache/2.4.18 (Ubuntu) (internal dummy connection)"
::1 - - [24/Feb/2017:10:53:57 +0000] "OPTIONS * HTTP/1.0" 200 126 "-" "Apache/2.4.18 (Ubuntu) (internal dummy connection)"
::1 - - [24/Feb/2017:10:53:58 +0000] "OPTIONS * HTTP/1.0" 200 126 "-" "Apache/2.4.18 (Ubuntu) (internal dummy connection)"
::1 - - [24/Feb/2017:10:53:59 +0000] "OPTIONS * HTTP/1.0" 200 126 "-" "Apache/2.4.18 (Ubuntu) (internal dummy connection)"
::1 - - [24/Feb/2017:10:54:00 +0000] "OPTIONS * HTTP/1.0" 200 126 "-" "Apache/2.4.18 (Ubuntu) (internal dummy connection)"
::1 - - [24/Feb/2017:10:54:01 +0000] "OPTIONS * HTTP/1.0" 200 126 "-" "Apache/2.4.18 (Ubuntu) (internal dummy connection)"
::1 - - [24/Feb/2017:10:54:02 +0000] "OPTIONS * HTTP/1.0" 200 126 "-" "Apache/2.4.18 (Ubuntu) (internal dummy connection)"
::1 - - [24/Feb/2017:10:54:03 +0000] "OPTIONS * HTTP/1.0" 200 126 "-" "Apache/2.4.18 (Ubuntu) (internal dummy connection)"
::1 - - [24/Feb/2017:10:54:04 +0000] "OPTIONS * HTTP/1.0" 200 126 "-" "Apache/2.4.18 (Ubuntu) (internal dummy connection)"
::1 - - [24/Feb/2017:10:54:05 +0000] "OPTIONS * HTTP/1.0" 200 126 "-" "Apache/2.4.18 (Ubuntu) (internal dummy connection)"
::1 - - [24/Feb/2017:10:54:07 +0000] "OPTIONS * HTTP/1.0" 200 126 "-" "Apache/2.4.18 (Ubuntu) (internal dummy connection)"
::1 - - [24/Feb/2017:10:54:08 +0000] "OPTIONS * HTTP/1.0" 200 126 "-" "Apache/2.4.18 (Ubuntu) (internal dummy connection)"
::1 - - [24/Feb/2017:10:54:09 +0000] "OPTIONS * HTTP/1.0" 200 126 "-" "Apache/2.4.18 (Ubuntu) (internal dummy connection)"
::1 - - [24/Feb/2017:10:54:10 +0000] "OPTIONS * HTTP/1.0" 200 126 "-" "Apache/2.4.18 (Ubuntu) (internal dummy connection)"
::1 - - [24/Feb/2017:10:54:11 +0000] "OPTIONS * HTTP/1.0" 200 126 "-" "Apache/2.4.18 (Ubuntu) (internal dummy connection)"
::1 - - [24/Feb/2017:10:54:12 +0000] "OPTIONS * HTTP/1.0" 200 126 "-" "Apache/2.4.18 (Ubuntu) (internal dummy connection)"
::1 - - [24/Feb/2017:10:54:13 +0000] "OPTIONS * HTTP/1.0" 200 126 "-" "Apache/2.4.18 (Ubuntu) (internal dummy connection)"
::1 - - [24/Feb/2017:10:54:14 +0000] "OPTIONS * HTTP/1.0" 200 126 "-" "Apache/2.4.18 (Ubuntu) (internal dummy connection)"
::1 - - [24/Feb/2017:10:54:15 +0000] "OPTIONS * HTTP/1.0" 200 126 "-" "Apache/2.4.18 (Ubuntu) (internal dummy connection)"
::1 - - [24/Feb/2017:10:54:16 +0000] "OPTIONS * HTTP/1.0" 200 126 "-" "Apache/2.4.18 (Ubuntu) (internal dummy connection)"
::1 - - [24/Feb/2017:10:54:17 +0000] "OPTIONS * HTTP/1.0" 200 126 "-" "Apache/2.4.18 (Ubuntu) (internal dummy connection)"
68.180.229.112 - - [24/Feb/2017:11:16:42 +0000] "GET /robots.txt HTTP/1.1" 404 447 "-" "Mozilla/5.0 (compatible; Yahoo! Slurp; http://help.yahoo.com/help/us/ysearch/slurp)"
68.180.229.112 - - [24/Feb/2017:11:16:42 +0000] "GET /event_desc.php?event=Switch HTTP/1.1" 200 848 "-" "Mozilla/5.0 (compatible; Yahoo! Slurp; http://help.yahoo.com/help/us/ysearch/slurp)"
162.158.178.73 - - [24/Feb/2017:11:36:10 +0000] "GET /loginInfo.html HTTP/1.1" 200 1021 "-" "Mozilla/5.0 (compatible; Baiduspider/2.0; +http://www.baidu.com/search/spider.html)"
162.158.178.211 - - [24/Feb/2017:11:40:31 +0000] "GET / HTTP/1.1" 200 5002 "-" "Mozilla/5.0 (compatible; Baiduspider/2.0; +http://www.baidu.com/search/spider.html)"
162.158.178.211 - - [24/Feb/2017:11:41:33 +0000] "GET / HTTP/1.1" 200 5002 "-" "Mozilla/5.0 (compatible; Baiduspider/2.0; +http://www.baidu.com/search/spider.html)"
157.55.39.41 - - [24/Feb/2017:11:47:23 +0000] "GET / HTTP/1.1" 200 5002 "-" "Mozilla/5.0 (compatible; bingbot/2.0; +http://www.bing.com/bingbot.htm)"
162.158.178.253 - - [24/Feb/2017:12:03:49 +0000] "GET /WEBHOST.php HTTP/1.1" 200 203 "-" "Mozilla/5.0 (compatible; Baiduspider/2.0; +http://www.baidu.com/search/spider.html)"
162.158.178.19 - - [24/Feb/2017:12:37:10 +0000] "GET /manual HTTP/1.1" 404 506 "-" "Mozilla/5.0 (compatible; Baiduspider/2.0; +http://www.baidu.com/search/spider.html)"
141.101.76.248 - - [24/Feb/2017:12:39:49 +0000] "GET / HTTP/1.1" 200 5002 "http://eonescripts.com/" "Mozilla/5.0 (Windows NT 6.1; WOW64) AppleWebKit/537.36 (KHTML, like Gecko) Chrome/44.0.2403.125 Safari/537.36"
180.97.79.146 - - [24/Feb/2017:12:43:57 +0000] "GET /bins/mirai.arm  HTTP/1.1" 404 454 "-" "-"
157.55.39.41 - - [24/Feb/2017:12:45:32 +0000] "GET / HTTP/1.1" 200 5002 "-" "Mozilla/5.0 (compatible; bingbot/2.0; +http://www.bing.com/bingbot.htm)"
108.162.245.8 - - [24/Feb/2017:13:05:00 +0000] "GET / HTTP/1.1" 200 5002 "-" "Mozilla/5.0 (compatible; bingbot/2.0; +http://www.bing.com/bingbot.htm)"
27.34.253.40 - - [24/Feb/2017:13:42:13 +0000] "GET /postsData.php HTTP/1.1" 200 614 "-" "Dalvik/2.1.0 (Linux; U; Android 6.0.1; Redmi 3S MIUI/V8.1.1.0.MALMIDI)"
27.34.253.40 - - [24/Feb/2017:13:42:13 +0000] "GET /buttons.php?type=JSON HTTP/1.1" 200 929 "-" "Dalvik/2.1.0 (Linux; U; Android 6.0.1; Redmi 3S MIUI/V8.1.1.0.MALMIDI)"
27.34.253.40 - - [24/Feb/2017:13:42:13 +0000] "GET /Logo_img_url.jpg HTTP/1.1" 304 182 "-" "Dalvik/2.1.0 (Linux; U; Android 6.0.1; Redmi 3S MIUI/V8.1.1.0.MALMIDI)"
27.34.253.40 - - [24/Feb/2017:13:42:13 +0000] "GET /Logo_img_url.jpg HTTP/1.1" 304 182 "-" "Dalvik/2.1.0 (Linux; U; Android 6.0.1; Redmi 3S MIUI/V8.1.1.0.MALMIDI)"
27.34.253.40 - - [24/Feb/2017:13:42:18 +0000] "GET /buttons.php?type=JSON HTTP/1.1" 200 928 "-" "Dalvik/2.1.0 (Linux; U; Android 6.0.1; Redmi 3S MIUI/V8.1.1.0.MALMIDI)"
27.34.253.40 - - [24/Feb/2017:13:42:19 +0000] "GET /Logo_img_url.jpg HTTP/1.1" 304 183 "-" "Dalvik/2.1.0 (Linux; U; Android 6.0.1; Redmi 3S MIUI/V8.1.1.0.MALMIDI)"
162.158.178.19 - - [24/Feb/2017:14:00:03 +0000] "GET / HTTP/1.1" 200 5002 "-" "Mozilla/5.0 (compatible; Baiduspider/2.0; +http://www.baidu.com/search/spider.html)"
162.158.79.69 - - [24/Feb/2017:14:01:53 +0000] "GET /robots.txt HTTP/1.1" 404 506 "-" "Mozilla/5.0 (compatible; SemrushBot/1.2~bl; +http://www.semrush.com/bot.html)"
141.101.76.254 - - [24/Feb/2017:14:05:35 +0000] "GET /robots.txt HTTP/1.1" 404 503 "-" "SafeDNSBot (https://www.safedns.com/searchbot)"
141.101.76.80 - - [24/Feb/2017:14:05:35 +0000] "GET /password_reset.php HTTP/1.1" 404 511 "-" "SafeDNSBot (https://www.safedns.com/searchbot)"
141.101.76.80 - - [24/Feb/2017:14:05:41 +0000] "GET / HTTP/1.1" 200 5002 "-" "SafeDNSBot (https://www.safedns.com/searchbot)"
108.177.6.52 - - [24/Feb/2017:14:19:51 +0000] "GET /postsData.php HTTP/1.1" 200 614 "-" "Dalvik/1.6.0 (Linux; U; Android 4.4.2; XT1034 Build/KXB20.9-1.10-1.24-1.1)"
108.177.6.52 - - [24/Feb/2017:14:19:51 +0000] "GET /buttons.php?type=JSON HTTP/1.1" 200 929 "-" "Dalvik/1.6.0 (Linux; U; Android 4.4.2; XT1034 Build/KXB20.9-1.10-1.24-1.1)"
108.177.6.52 - - [24/Feb/2017:14:19:53 +0000] "GET /Logo_img_url.jpg HTTP/1.1" 200 227245 "-" "Dalvik/1.6.0 (Linux; U; Android 4.4.2; XT1034 Build/KXB20.9-1.10-1.24-1.1)"
108.177.6.52 - - [24/Feb/2017:14:19:53 +0000] "GET /Logo_img_url.jpg HTTP/1.1" 304 182 "-" "Dalvik/1.6.0 (Linux; U; Android 4.4.2; XT1034 Build/KXB20.9-1.10-1.24-1.1)"
108.177.6.53 - - [24/Feb/2017:14:19:58 +0000] "GET /buttons.php?type=JSON HTTP/1.1" 200 929 "-" "Dalvik/2.1.0 (Linux; U; Android 5.1.1; SM-G920F Build/LMY47X)"
108.177.6.53 - - [24/Feb/2017:14:19:58 +0000] "GET /postsData.php HTTP/1.1" 200 614 "-" "Dalvik/2.1.0 (Linux; U; Android 5.1.1; SM-G920F Build/LMY47X)"
108.177.6.57 - - [24/Feb/2017:14:19:58 +0000] "GET /postsData.php HTTP/1.1" 200 614 "-" "Dalvik/1.6.0 (Linux; U; Android 4.4.4; Nexus 5 Build/KTU84P)"
108.177.6.57 - - [24/Feb/2017:14:19:58 +0000] "GET /buttons.php?type=JSON HTTP/1.1" 200 929 "-" "Dalvik/1.6.0 (Linux; U; Android 4.4.4; Nexus 5 Build/KTU84P)"
108.177.6.53 - - [24/Feb/2017:14:19:58 +0000] "GET /Logo_img_url.jpg HTTP/1.1" 200 227245 "-" "Dalvik/2.1.0 (Linux; U; Android 5.1.1; SM-G920F Build/LMY47X)"
108.177.6.53 - - [24/Feb/2017:14:19:59 +0000] "GET /Logo_img_url.jpg HTTP/1.1" 304 182 "-" "Dalvik/2.1.0 (Linux; U; Android 5.1.1; SM-G920F Build/LMY47X)"
108.177.6.57 - - [24/Feb/2017:14:20:00 +0000] "GET /Logo_img_url.jpg HTTP/1.1" 200 227245 "-" "Dalvik/1.6.0 (Linux; U; Android 4.4.4; Nexus 5 Build/KTU84P)"
108.177.6.57 - - [24/Feb/2017:14:20:02 +0000] "GET /Logo_img_url.jpg HTTP/1.1" 304 182 "-" "Dalvik/1.6.0 (Linux; U; Android 4.4.4; Nexus 5 Build/KTU84P)"
::1 - - [24/Feb/2017:14:20:10 +0000] "OPTIONS * HTTP/1.0" 200 126 "-" "Apache/2.4.18 (Ubuntu) (internal dummy connection)"
141.101.76.80 - - [24/Feb/2017:14:20:12 +0000] "GET /deposit.php HTTP/1.1" 404 504 "-" "SafeDNSBot (https://www.safedns.com/searchbot)"
108.177.6.59 - - [24/Feb/2017:14:20:16 +0000] "GET /buttons.php?type=JSON HTTP/1.1" 200 929 "-" "Dalvik/1.6.0 (Linux; U; Android 4.4.4; XT1092 Build/KXE21.187-42)"
108.177.6.59 - - [24/Feb/2017:14:20:16 +0000] "GET /postsData.php HTTP/1.1" 200 614 "-" "Dalvik/1.6.0 (Linux; U; Android 4.4.4; XT1092 Build/KXE21.187-42)"
108.177.6.59 - - [24/Feb/2017:14:20:17 +0000] "GET /Logo_img_url.jpg HTTP/1.1" 200 227245 "-" "Dalvik/1.6.0 (Linux; U; Android 4.4.4; XT1092 Build/KXE21.187-42)"
108.177.6.59 - - [24/Feb/2017:14:20:17 +0000] "GET /Logo_img_url.jpg HTTP/1.1" 304 182 "-" "Dalvik/1.6.0 (Linux; U; Android 4.4.4; XT1092 Build/KXE21.187-42)"
108.177.6.55 - - [24/Feb/2017:14:20:24 +0000] "GET /buttons.php?type=JSON HTTP/1.1" 200 929 "-" "Dalvik/1.6.0 (Linux; U; Android 4.4.4; HTC One_M8 Build/KTU84P)"
108.177.6.55 - - [24/Feb/2017:14:20:25 +0000] "GET /postsData.php HTTP/1.1" 200 614 "-" "Dalvik/1.6.0 (Linux; U; Android 4.4.4; HTC One_M8 Build/KTU84P)"
108.177.6.55 - - [24/Feb/2017:14:20:25 +0000] "GET /Logo_img_url.jpg HTTP/1.1" 200 227245 "-" "Dalvik/1.6.0 (Linux; U; Android 4.4.4; HTC One_M8 Build/KTU84P)"
108.177.6.55 - - [24/Feb/2017:14:20:26 +0000] "GET /Logo_img_url.jpg HTTP/1.1" 304 182 "-" "Dalvik/1.6.0 (Linux; U; Android 4.4.4; HTC One_M8 Build/KTU84P)"
108.177.6.59 - - [24/Feb/2017:14:21:08 +0000] "GET /postsData.php HTTP/1.1" 200 614 "-" "Dalvik/1.6.0 (Linux; U; Android 4.4.2; SM-N9005 Build/KOT49H)"
108.177.6.59 - - [24/Feb/2017:14:21:08 +0000] "GET /buttons.php?type=JSON HTTP/1.1" 200 929 "-" "Dalvik/1.6.0 (Linux; U; Android 4.4.2; SM-N9005 Build/KOT49H)"
108.177.6.59 - - [24/Feb/2017:14:21:11 +0000] "GET /Logo_img_url.jpg HTTP/1.1" 200 227245 "-" "Dalvik/1.6.0 (Linux; U; Android 4.4.2; SM-N9005 Build/KOT49H)"
108.177.6.59 - - [24/Feb/2017:14:21:13 +0000] "GET /Logo_img_url.jpg HTTP/1.1" 200 227245 "-" "Dalvik/1.6.0 (Linux; U; Android 4.4.2; SM-N9005 Build/KOT49H)"
108.177.6.59 - - [24/Feb/2017:14:21:25 +0000] "GET /Logo_img_url.jpg HTTP/1.1" 304 182 "-" "Dalvik/1.6.0 (Linux; U; Android 4.4.2; SM-N9005 Build/KOT49H)"
108.177.6.59 - - [24/Feb/2017:14:23:29 +0000] "GET /postsData.php HTTP/1.1" 200 614 "-" "Dalvik/1.6.0 (Linux; U; Android 4.4.2; SM-N9005 Build/KOT49H)"
108.177.6.59 - - [24/Feb/2017:14:23:29 +0000] "GET /buttons.php?type=JSON HTTP/1.1" 200 929 "-" "Dalvik/1.6.0 (Linux; U; Android 4.4.2; SM-N9005 Build/KOT49H)"
108.177.6.56 - - [24/Feb/2017:14:23:30 +0000] "GET /postsData.php HTTP/1.1" 200 614 "-" "Dalvik/1.6.0 (Linux; U; Android 4.4.2; LG-D855 Build/KVT49L.A1401987978)"
108.177.6.56 - - [24/Feb/2017:14:23:30 +0000] "GET /buttons.php?type=JSON HTTP/1.1" 200 929 "-" "Dalvik/1.6.0 (Linux; U; Android 4.4.2; LG-D855 Build/KVT49L.A1401987978)"
108.177.6.56 - - [24/Feb/2017:14:23:31 +0000] "GET /Logo_img_url.jpg HTTP/1.1" 200 79640 "-" "Dalvik/1.6.0 (Linux; U; Android 4.4.2; LG-D855 Build/KVT49L.A1401987978)"
108.177.6.54 - - [24/Feb/2017:14:23:39 +0000] "GET /buttons.php?type=JSON HTTP/1.1" 200 929 "-" "Dalvik/2.1.0 (Linux; U; Android 5.1.1; Nexus 5 Build/LMY48M)"
108.177.6.54 - - [24/Feb/2017:14:23:39 +0000] "GET /postsData.php HTTP/1.1" 200 614 "-" "Dalvik/2.1.0 (Linux; U; Android 5.1.1; Nexus 5 Build/LMY48M)"
108.177.6.59 - - [24/Feb/2017:14:23:41 +0000] "GET /Logo_img_url.jpg HTTP/1.1" 304 183 "-" "Dalvik/1.6.0 (Linux; U; Android 4.4.2; SM-N9005 Build/KOT49H)"
108.177.6.54 - - [24/Feb/2017:14:23:41 +0000] "GET /Logo_img_url.jpg HTTP/1.1" 200 227245 "-" "Dalvik/2.1.0 (Linux; U; Android 5.1.1; Nexus 5 Build/LMY48M)"
108.177.6.54 - - [24/Feb/2017:14:23:42 +0000] "GET /Logo_img_url.jpg HTTP/1.1" 304 182 "-" "Dalvik/2.1.0 (Linux; U; Android 5.1.1; Nexus 5 Build/LMY48M)"
108.177.6.56 - - [24/Feb/2017:14:23:33 +0000] "GET /Logo_img_url.jpg HTTP/1.1" 200 212856 "-" "Dalvik/1.6.0 (Linux; U; Android 4.4.2; LG-D855 Build/KVT49L.A1401987978)"
108.177.6.56 - - [24/Feb/2017:14:23:42 +0000] "GET /Logo_img_url.jpg HTTP/1.1" 200 227246 "-" "Dalvik/1.6.0 (Linux; U; Android 4.4.2; LG-D855 Build/KVT49L.A1401987978)"
108.177.6.59 - - [24/Feb/2017:14:23:45 +0000] "GET /Logo_img_url.jpg HTTP/1.1" 304 183 "-" "Dalvik/1.6.0 (Linux; U; Android 4.4.2; SM-N9005 Build/KOT49H)"
108.177.6.59 - - [24/Feb/2017:14:23:50 +0000] "GET /Logo_img_url.jpg HTTP/1.1" 304 182 "-" "Dalvik/1.6.0 (Linux; U; Android 4.4.2; SM-N9005 Build/KOT49H)"
108.177.6.59 - - [24/Feb/2017:14:23:52 +0000] "GET /Logo_img_url.jpg HTTP/1.1" 304 183 "-" "Dalvik/1.6.0 (Linux; U; Android 4.4.2; SM-N9005 Build/KOT49H)"
108.177.6.56 - - [24/Feb/2017:14:23:52 +0000] "GET /Logo_img_url.jpg HTTP/1.1" 304 183 "-" "Dalvik/1.6.0 (Linux; U; Android 4.4.2; LG-D855 Build/KVT49L.A1401987978)"
108.177.6.59 - - [24/Feb/2017:14:23:53 +0000] "GET /Logo_img_url.jpg HTTP/1.1" 304 183 "-" "Dalvik/1.6.0 (Linux; U; Android 4.4.2; SM-N9005 Build/KOT49H)"
108.177.6.56 - - [24/Feb/2017:14:23:54 +0000] "GET /Logo_img_url.jpg HTTP/1.1" 304 183 "-" "Dalvik/1.6.0 (Linux; U; Android 4.4.2; LG-D855 Build/KVT49L.A1401987978)"
108.177.6.59 - - [24/Feb/2017:14:23:54 +0000] "GET /Logo_img_url.jpg HTTP/1.1" 304 182 "-" "Dalvik/1.6.0 (Linux; U; Android 4.4.2; SM-N9005 Build/KOT49H)"
108.177.6.59 - - [24/Feb/2017:14:23:55 +0000] "GET /Logo_img_url.jpg HTTP/1.1" 304 182 "-" "Dalvik/1.6.0 (Linux; U; Android 4.4.2; SM-N9005 Build/KOT49H)"
108.177.6.59 - - [24/Feb/2017:14:23:59 +0000] "GET /Logo_img_url.jpg HTTP/1.1" 304 183 "-" "Dalvik/1.6.0 (Linux; U; Android 4.4.2; SM-N9005 Build/KOT49H)"
27.34.253.40 - - [24/Feb/2017:14:24:10 +0000] "GET /postsData.php HTTP/1.1" 200 614 "-" "Dalvik/2.1.0 (Linux; U; Android 5.1.1; Pixel XL Build/LMY49J)"
27.34.253.40 - - [24/Feb/2017:14:24:10 +0000] "GET /buttons.php?type=JSON HTTP/1.1" 200 929 "-" "Dalvik/2.1.0 (Linux; U; Android 5.1.1; Pixel XL Build/LMY49J)"
108.177.6.59 - - [24/Feb/2017:14:24:12 +0000] "GET /postsData.php HTTP/1.1" 200 614 "-" "Dalvik/1.6.0 (Linux; U; Android 4.4.2; SM-N9005 Build/KOT49H)"
108.177.6.59 - - [24/Feb/2017:14:24:12 +0000] "GET /buttons.php?type=JSON HTTP/1.1" 200 929 "-" "Dalvik/1.6.0 (Linux; U; Android 4.4.2; SM-N9005 Build/KOT49H)"
27.34.253.40 - - [24/Feb/2017:14:24:12 +0000] "GET /Logo_img_url.jpg HTTP/1.1" 200 227245 "-" "Dalvik/2.1.0 (Linux; U; Android 5.1.1; Pixel XL Build/LMY49J)"
27.34.253.40 - - [24/Feb/2017:14:24:14 +0000] "GET /Logo_img_url.jpg HTTP/1.1" 304 182 "-" "Dalvik/2.1.0 (Linux; U; Android 5.1.1; Pixel XL Build/LMY49J)"
27.34.253.40 - - [24/Feb/2017:14:24:19 +0000] "GET /buttons.php?type=JSON HTTP/1.1" 200 929 "-" "Dalvik/2.1.0 (Linux; U; Android 5.1.1; Pixel XL Build/LMY49J)"
108.177.6.59 - - [24/Feb/2017:14:24:19 +0000] "GET /buttons.php?type=JSON HTTP/1.1" 200 929 "-" "Dalvik/1.6.0 (Linux; U; Android 4.4.2; SM-N9005 Build/KOT49H)"
108.177.6.59 - - [24/Feb/2017:14:24:19 +0000] "GET /postsData.php HTTP/1.1" 200 614 "-" "Dalvik/1.6.0 (Linux; U; Android 4.4.2; SM-N9005 Build/KOT49H)"
27.34.253.40 - - [24/Feb/2017:14:24:23 +0000] "GET /postsData.php HTTP/1.1" 200 613 "-" "Dalvik/2.1.0 (Linux; U; Android 5.1.1; Pixel XL Build/LMY49J)"
27.34.253.40 - - [24/Feb/2017:14:24:23 +0000] "GET /buttons.php?type=JSON HTTP/1.1" 200 929 "-" "Dalvik/2.1.0 (Linux; U; Android 5.1.1; Pixel XL Build/LMY49J)"
108.177.6.54 - - [24/Feb/2017:14:24:26 +0000] "GET /buttons.php?type=JSON HTTP/1.1" 200 929 "-" "Dalvik/2.1.0 (Linux; U; Android 5.1.1; Nexus 5 Build/LMY48M)"
108.177.6.54 - - [24/Feb/2017:14:24:26 +0000] "GET /postsData.php HTTP/1.1" 200 614 "-" "Dalvik/2.1.0 (Linux; U; Android 5.1.1; Nexus 5 Build/LMY48M)"
27.34.253.40 - - [24/Feb/2017:14:24:27 +0000] "GET /buttons.php?type=JSON HTTP/1.1" 200 928 "-" "Dalvik/2.1.0 (Linux; U; Android 5.1.1; Pixel XL Build/LMY49J)"
27.34.253.40 - - [24/Feb/2017:14:24:27 +0000] "GET /postsData.php HTTP/1.1" 200 613 "-" "Dalvik/2.1.0 (Linux; U; Android 5.1.1; Pixel XL Build/LMY49J)"
108.177.6.59 - - [24/Feb/2017:14:24:29 +0000] "GET /postsData.php HTTP/1.1" 200 614 "-" "Dalvik/1.6.0 (Linux; U; Android 4.4.2; SM-N9005 Build/KOT49H)"
108.177.6.59 - - [24/Feb/2017:14:24:29 +0000] "GET /buttons.php?type=JSON HTTP/1.1" 200 929 "-" "Dalvik/1.6.0 (Linux; U; Android 4.4.2; SM-N9005 Build/KOT49H)"
27.34.253.40 - - [24/Feb/2017:14:24:31 +0000] "GET /buttons.php?type=JSON HTTP/1.1" 200 928 "-" "Dalvik/2.1.0 (Linux; U; Android 5.1.1; Pixel XL Build/LMY49J)"
27.34.253.40 - - [24/Feb/2017:14:24:31 +0000] "GET /postsData.php HTTP/1.1" 200 613 "-" "Dalvik/2.1.0 (Linux; U; Android 5.1.1; Pixel XL Build/LMY49J)"
108.177.6.54 - - [24/Feb/2017:14:24:32 +0000] "GET /postsData.php HTTP/1.1" 200 614 "-" "Dalvik/2.1.0 (Linux; U; Android 5.1.1; Nexus 5 Build/LMY48M)"
108.177.6.54 - - [24/Feb/2017:14:24:32 +0000] "GET /buttons.php?type=JSON HTTP/1.1" 200 929 "-" "Dalvik/2.1.0 (Linux; U; Android 5.1.1; Nexus 5 Build/LMY48M)"
108.177.6.54 - - [24/Feb/2017:14:24:36 +0000] "GET /Logo_img_url.jpg HTTP/1.1" 304 182 "-" "Dalvik/2.1.0 (Linux; U; Android 5.1.1; Nexus 5 Build/LMY48M)"
141.101.105.70 - - [24/Feb/2017:14:24:39 +0000] "GET / HTTP/1.1" 200 5002 "-" "Mozilla/5.0 (Windows NT 6.3; rv:36.0) Gecko/20100101 Firefox/36.0"
27.34.253.40 - - [24/Feb/2017:14:24:40 +0000] "GET /postsData.php HTTP/1.1" 200 614 "-" "Dalvik/2.1.0 (Linux; U; Android 5.1.1; Pixel XL Build/LMY49J)"
27.34.253.40 - - [24/Feb/2017:14:24:40 +0000] "GET /buttons.php?type=JSON HTTP/1.1" 200 929 "-" "Dalvik/2.1.0 (Linux; U; Android 5.1.1; Pixel XL Build/LMY49J)"
108.177.6.59 - - [24/Feb/2017:14:24:46 +0000] "GET /buttons.php?type=JSON HTTP/1.1" 200 929 "-" "Dalvik/1.6.0 (Linux; U; Android 4.4.2; SM-N9005 Build/KOT49H)"
108.177.6.59 - - [24/Feb/2017:14:24:46 +0000] "GET /postsData.php HTTP/1.1" 200 614 "-" "Dalvik/1.6.0 (Linux; U; Android 4.4.2; SM-N9005 Build/KOT49H)"
::1 - - [24/Feb/2017:14:24:53 +0000] "OPTIONS * HTTP/1.0" 200 126 "-" "Apache/2.4.18 (Ubuntu) (internal dummy connection)"
141.101.105.154 - - [24/Feb/2017:14:24:55 +0000] "GET / HTTP/1.1" 200 5002 "-" "Mozilla/5.0 (Windows NT 6.3; rv:36.0) Gecko/20100101 Firefox/36.0"
108.177.6.54 - - [24/Feb/2017:14:25:11 +0000] "GET /postsData.php HTTP/1.1" 200 614 "-" "Dalvik/2.1.0 (Linux; U; Android 5.1.1; Nexus 5 Build/LMY48M)"
108.177.6.54 - - [24/Feb/2017:14:25:11 +0000] "GET /buttons.php?type=JSON HTTP/1.1" 200 929 "-" "Dalvik/2.1.0 (Linux; U; Android 5.1.1; Nexus 5 Build/LMY48M)"
108.177.6.54 - - [24/Feb/2017:14:25:17 +0000] "GET /postsData.php HTTP/1.1" 200 614 "-" "Dalvik/2.1.0 (Linux; U; Android 5.1.1; Nexus 5 Build/LMY48M)"
108.177.6.54 - - [24/Feb/2017:14:25:17 +0000] "GET /buttons.php?type=JSON HTTP/1.1" 200 929 "-" "Dalvik/2.1.0 (Linux; U; Android 5.1.1; Nexus 5 Build/LMY48M)"
59.93.228.62 - - [24/Feb/2017:14:30:27 +0000] "GET /loginInfo.html HTTP/1.1" 200 1021 "-" "Mozilla/5.0 (Linux; Android 6.0.1; Le X821 Build/FGXOSOP5801910121S; wv) AppleWebKit/537.36 (KHTML, like Gecko) Version/4.0 Chrome/49.0.2623.91 Mobile Safari/537.36"
